Archive member included to satisfy reference by file (symbol)

app/libapp.a(main.c.obj)      (--whole-archive)
app/libapp.a(light.c.obj)     (--whole-archive)
zephyr/libzephyr.a(validate_libc.c.obj)
                              (--whole-archive)
zephyr/libzephyr.a(heap.c.obj)
                              (--whole-archive)
zephyr/libzephyr.a(cbprintf_packaged.c.obj)
                              (--whole-archive)
zephyr/libzephyr.a(clock.c.obj)
                              (--whole-archive)
zephyr/libzephyr.a(printk.c.obj)
                              (--whole-archive)
zephyr/libzephyr.a(sem.c.obj)
                              (--whole-archive)
zephyr/libzephyr.a(thread_entry.c.obj)
                              (--whole-archive)
zephyr/libzephyr.a(cbprintf_complete.c.obj)
                              (--whole-archive)
zephyr/libzephyr.a(assert.c.obj)
                              (--whole-archive)
zephyr/libzephyr.a(mpsc_pbuf.c.obj)
                              (--whole-archive)
zephyr/libzephyr.a(dec.c.obj)
                              (--whole-archive)
zephyr/libzephyr.a(hex.c.obj)
                              (--whole-archive)
zephyr/libzephyr.a(rb.c.obj)  (--whole-archive)
zephyr/libzephyr.a(set.c.obj)
                              (--whole-archive)
zephyr/libzephyr.a(timeutil.c.obj)
                              (--whole-archive)
zephyr/libzephyr.a(bitarray.c.obj)
                              (--whole-archive)
zephyr/libzephyr.a(bitmask.c.obj)
                              (--whole-archive)
zephyr/libzephyr.a(getopt.c.obj)
                              (--whole-archive)
zephyr/libzephyr.a(getopt_common.c.obj)
                              (--whole-archive)
zephyr/libzephyr.a(onoff.c.obj)
                              (--whole-archive)
zephyr/libzephyr.a(notify.c.obj)
                              (--whole-archive)
zephyr/libzephyr.a(ring_buffer.c.obj)
                              (--whole-archive)
zephyr/libzephyr.a(last_section_id.c.obj)
                              (--whole-archive)
zephyr/libzephyr.a(uuid.c.obj)
                              (--whole-archive)
zephyr/libzephyr.a(configs.c.obj)
                              (--whole-archive)
zephyr/libzephyr.a(thread_info.c.obj)
                              (--whole-archive)
zephyr/libzephyr.a(ipc_service.c.obj)
                              (--whole-archive)
zephyr/libzephyr.a(ipc_rpmsg_static_vrings.c.obj)
                              (--whole-archive)
zephyr/libzephyr.a(ipc_rpmsg.c.obj)
                              (--whole-archive)
zephyr/libzephyr.a(ipc_static_vrings.c.obj)
                              (--whole-archive)
zephyr/libzephyr.a(log_core.c.obj)
                              (--whole-archive)
zephyr/libzephyr.a(log_mgmt.c.obj)
                              (--whole-archive)
zephyr/libzephyr.a(log_cache.c.obj)
                              (--whole-archive)
zephyr/libzephyr.a(log_msg.c.obj)
                              (--whole-archive)
zephyr/libzephyr.a(log_output.c.obj)
                              (--whole-archive)
zephyr/libzephyr.a(log_backend_uart.c.obj)
                              (--whole-archive)
zephyr/libzephyr.a(mem_attr.c.obj)
                              (--whole-archive)
zephyr/libzephyr.a(tracing_none.c.obj)
                              (--whole-archive)
zephyr/libzephyr.a(gap_svc.c.obj)
                              (--whole-archive)
zephyr/libzephyr.a(banner.c.obj)
                              (--whole-archive)
zephyr/libzephyr.a(hci_vs_sdc.c.obj)
                              (--whole-archive)
zephyr/libzephyr.a(host_extensions.c.obj)
                              (--whole-archive)
zephyr/libzephyr.a(nrf_cc3xx_platform_abort_zephyr.c.obj)
                              (--whole-archive)
zephyr/libzephyr.a(nrf_cc3xx_platform_mutex_zephyr.c.obj)
                              (--whole-archive)
zephyr/arch/common/libarch__common.a(sw_isr_common.c.obj)
                              (--whole-archive)
zephyr/arch/common/libarch__common.a(init.c.obj)
                              (--whole-archive)
zephyr/arch/common/libarch__common.a(xip.c.obj)
                              (--whole-archive)
zephyr/arch/arch/arm/core/libarch__arm__core.a(fatal.c.obj)
                              (--whole-archive)
zephyr/arch/arch/arm/core/libarch__arm__core.a(nmi.c.obj)
                              (--whole-archive)
zephyr/arch/arch/arm/core/libarch__arm__core.a(nmi_on_reset.S.obj)
                              (--whole-archive)
zephyr/arch/arch/arm/core/libarch__arm__core.a(tls.c.obj)
                              (--whole-archive)
zephyr/arch/arch/arm/core/cortex_m/libarch__arm__core__cortex_m.a(fault.c.obj)
                              (--whole-archive)
zephyr/arch/arch/arm/core/cortex_m/libarch__arm__core__cortex_m.a(fault_s.S.obj)
                              (--whole-archive)
zephyr/arch/arch/arm/core/cortex_m/libarch__arm__core__cortex_m.a(fpu.c.obj)
                              (--whole-archive)
[...]
Memory Configuration

Name             Origin             Length             Attributes
FLASH            0x00000000         0x00100000         xr
RAM              0x20000000         0x00070000         xw
IDT_LIST         0xffff7fff         0x00008000         xw
*default*        0x00000000         0xffffffff

Linker script and memory map

                0x000104c8                        vfprintf = __l_vfprintf
                0x00000000                        vfscanf = __l_vfscanf
LOAD zephyr/CMakeFiles/zephyr_final.dir/misc/empty_file.c.obj
LOAD zephyr/CMakeFiles/zephyr_final.dir/isr_tables.c.obj
LOAD zephyr/CMakeFiles/offsets.dir/./arch/arm/core/offsets/offsets.c.obj
LOAD app/libapp.a
LOAD zephyr/libzephyr.a
LOAD zephyr/arch/common/libarch__common.a
LOAD zephyr/arch/arch/arm/core/libarch__arm__core.a
LOAD zephyr/arch/arch/arm/core/cortex_m/libarch__arm__core__cortex_m.a
LOAD zephyr/arch/arch/arm/core/cortex_m/cmse/libarch__arm__core__cortex_m__cmse.a
LOAD zephyr/arch/arch/arm/core/mpu/libarch__arm__core__mpu.a
LOAD zephyr/lib/libc/picolibc/liblib__libc__picolibc.a
LOAD zephyr/lib/libc/common/liblib__libc__common.a
LOAD zephyr/lib/posix/c_lib_ext/liblib__posix__c_lib_ext.a
LOAD zephyr/lib/net_buf/liblib__net_buf.a
LOAD zephyr/soc/soc/nrf5340/libsoc__nordic.a
LOAD zephyr/subsys/random/libsubsys__random.a
LOAD zephyr/subsys/bluetooth/common/libsubsys__bluetooth__common.a
LOAD zephyr/subsys/bluetooth/host/libsubsys__bluetooth__host.a
LOAD zephyr/drivers/bluetooth/libdrivers__bluetooth.a
LOAD zephyr/drivers/clock_control/libdrivers__clock_control.a
LOAD zephyr/drivers/console/libdrivers__console.a
LOAD zephyr/drivers/entropy/libdrivers__entropy.a
LOAD zephyr/drivers/gpio/libdrivers__gpio.a
LOAD zephyr/drivers/mbox/libdrivers__mbox.a
LOAD zephyr/drivers/pinctrl/libdrivers__pinctrl.a
LOAD zephyr/drivers/serial/libdrivers__serial.a
LOAD zephyr/drivers/timer/libdrivers__timer.a
LOAD modules/nrf/lib/dk_buttons_and_leds/lib..__nrf__lib__dk_buttons_and_leds.a
LOAD modules/nrf/subsys/nrf_security/src/zephyr/libmbedtls_zephyr.a
LOAD modules/nrf/drivers/hw_cc3xx/lib..__nrf__drivers__hw_cc3xx.a
LOAD modules/hal_nordic/modules/hal_nordic/nrfx/libnrfx.a
LOAD modules/libmetal/libmetal/lib/libmetal.a
LOAD modules/open-amp/open-amp/lib/libopen_amp.a
LOAD zephyr/kernel/libkernel.a
LOAD modules/nrf/subsys/nrf_security/src/libmbedcrypto.a
LOAD modules/nrf/subsys/nrf_security/src/core/nrf_oberon/libpsa_core.a
LOAD modules/nrf/subsys/nrf_security/src/drivers/nrf_oberon/liboberon_psa_driver.a
LOAD modules/nrf/subsys/nrf_security/src/libmbedcrypto.a
LOAD modules/nrf/subsys/nrf_security/src/core/nrf_oberon/libpsa_core.a
LOAD modules/nrf/subsys/nrf_security/src/drivers/nrf_oberon/liboberon_psa_driver.a
LOAD modules/nrf/subsys/nrf_security/src/libnrf_security_utils.a
LOAD zephyr/kernel/libkernel.a
LOAD D:/ncs/v3.4.0/nrfxlib/crypto/nrf_oberon/lib/cortex-m33/soft-float/liboberon_3.0.19.a
LOAD zephyr/arch/common/libisr_tables.a
LOAD D:/ncs/v3.4.0/nrfxlib/crypto/nrf_cc312_platform/lib/cortex-m33/soft-float/no-interrupts/libnrf_cc312_platform_0.9.22.a
LOAD C:/ncs/toolchains/dcbdc366a1/opt/zephyr-sdk/gnu/arm-zephyr-eabi/bin/../lib/gcc/arm-zephyr-eabi/14.3.0/../../../../arm-zephyr-eabi/lib/thumb/v8-m.main/nofp/space\libc.a
LOAD C:/ncs/toolchains/dcbdc366a1/opt/zephyr-sdk/gnu/arm-zephyr-eabi/bin/../lib/gcc/arm-zephyr-eabi/14.3.0/thumb/v8-m.main/nofp/space\libgcc.a
                0x00000020                        _region_min_align = 0x20

.rel.plt        0x00000000        0x0
 *(SORT_BY_ALIGNMENT(.rel.plt))
                [!provide]                        PROVIDE (__rel_iplt_start = .)
 *(SORT_BY_ALIGNMENT(.rel.iplt))
 .rel.iplt      0x00000000        0x0 zephyr/CMakeFiles/zephyr_final.dir/isr_tables.c.obj
                [!provide]                        PROVIDE (__rel_iplt_end = .)

.rela.plt       0x00000000        0x0
 *(SORT_BY_ALIGNMENT(.rela.plt))
                [!provide]                        PROVIDE (__rela_iplt_start = .)
 *(SORT_BY_ALIGNMENT(.rela.iplt))
                [!provide]                        PROVIDE (__rela_iplt_end = .)

.rel.dyn
 *(SORT_BY_ALIGNMENT(.rel.*))

.rela.dyn
 *(SORT_BY_ALIGNMENT(.rela.*))

/DISCARD/
 *(SORT_BY_ALIGNMENT(.plt))

/DISCARD/
 *(SORT_BY_ALIGNMENT(.iplt))
                0x00000000                        __rom_region_start = 0x0

rom_start       0x00000000      0x154
                0x00000000                        __rom_start_address = .
 FILL mask 0x00
                0x00000000                        . = (. + (0x0 - (. - __rom_start_address)))
                0x00000000                        . = ALIGN (0x4)
                0x00000000                        . = ALIGN (0x80)
                0x00000000                        . = ALIGN (0x200)
                0x00000000                        _vector_start = .
 *(SORT_BY_ALIGNMENT(.exc_vector_table))
 *(SORT_BY_ALIGNMENT(.exc_vector_table.*))
 .exc_vector_table._vector_table_section
                0x00000000       0x40 zephyr/arch/arch/arm/core/cortex_m/libarch__arm__core__cortex_m.a(vector_table.S.obj)
                0x00000000                _vector_table
 *(SORT_BY_ALIGNMENT(.vectors))
                0x00000154                        _vector_end = .
                0x00000040                        . = ALIGN (0x4)
 *(SORT_BY_ALIGNMENT(.gnu.linkonce.irq_vector_table*))
 .gnu.linkonce.irq_vector_table
                0x00000040      0x114 zephyr/CMakeFiles/zephyr_final.dir/isr_tables.c.obj
                0x00000040                _irq_vector_table
                0x00000154                        _vector_end = .

text            0x00000154    0x158b8
                0x00000154                        __text_region_start = .
 *(SORT_BY_ALIGNMENT(.text))
 .text          0x00000154      0x484 D:/ncs/v3.4.0/nrfxlib/crypto/nrf_oberon/lib/cortex-m33/soft-float/liboberon_3.0.19.a(ocrypto_aes.s.obj)
                0x00000154                ocrypto_aes_slice
                0x00000200                ocrypto_aes_unslice
                0x000002ac                ocrypto_aes_encrypt_block
                0x00000554                ocrypto_aes_key_schedule
 .text          0x000005d8      0x2a8 D:/ncs/v3.4.0/nrfxlib/crypto/nrf_oberon/lib/cortex-m33/soft-float/liboberon_3.0.19.a(ocrypto_aes_dec.s.obj)
                0x000005d8                ocrypto_aes_decrypt_block
                0x0000087c                ocrypto_aes_decrypt_key_schedule
 .text          0x00000880       0x5c D:/ncs/v3.4.0/nrfxlib/crypto/nrf_oberon/lib/cortex-m33/soft-float/liboberon_3.0.19.a(ocrypto_constant_time.s.obj)
                0x00000880                ocrypto_constant_time_equal
                0x000008a8                ocrypto_constant_time_is_zero
                0x000008c4                ocrypto_constant_time_xor
 .text          0x000008dc       0x14 C:/ncs/toolchains/dcbdc366a1/opt/zephyr-sdk/gnu/arm-zephyr-eabi/bin/../lib/gcc/arm-zephyr-eabi/14.3.0/../../../../arm-zephyr-eabi/lib/thumb/v8-m.main/nofp/space\libc.a(strcmp.S.o)
                0x000008dc                strcmp
 .text          0x000008f0       0x10 C:/ncs/toolchains/dcbdc366a1/opt/zephyr-sdk/gnu/arm-zephyr-eabi/bin/../lib/gcc/arm-zephyr-eabi/14.3.0/../../../../arm-zephyr-eabi/lib/thumb/v8-m.main/nofp/space\libc.a(strcpy.S.o)
                0x000008f0                strcpy
 .text          0x00000900       0x10 C:/ncs/toolchains/dcbdc366a1/opt/zephyr-sdk/gnu/arm-zephyr-eabi/bin/../lib/gcc/arm-zephyr-eabi/14.3.0/../../../../arm-zephyr-eabi/lib/thumb/v8-m.main/nofp/space\libc.a(strlen.S.o)
                0x00000900                strlen
 *(SORT_BY_ALIGNMENT(.text.*))
 .text.recycled.part.0
                0x00000910       0x14 app/libapp.a(main.c.obj)
 .text.recycled
                0x00000924       0x40 app/libapp.a(main.c.obj)
 .text.connected
                0x00000964       0x98 app/libapp.a(main.c.obj)
 .text.disconnected
                0x000009fc       0x14 app/libapp.a(main.c.obj)
 .text.main     0x00000a10       0x78 app/libapp.a(main.c.obj)
                0x00000a10                main
 .text.status_ccc_cfg_changed
                0x00000a88       0x4c app/libapp.a(light.c.obj)
 .text.write_power
                0x00000ad4       0x1c app/libapp.a(light.c.obj)
 .text.read_status
                0x00000af0       0x44 app/libapp.a(light.c.obj)
 .text.write_mode
                0x00000b34       0x1c app/libapp.a(light.c.obj)
 .text.write_brightness
                0x00000b50       0x1c app/libapp.a(light.c.obj)
 .text.sys_heap_free
                0x00000b6c      0x11c zephyr/libzephyr.a(heap.c.obj)
                0x00000b6c                sys_heap_free
 .text.cbvprintf_package
                0x00000c88      0x364 zephyr/libzephyr.a(cbprintf_packaged.c.obj)
                0x00000c88                cbvprintf_package
 .text.cbprintf_package_convert
                0x00000fec      0x3cc zephyr/libzephyr.a(cbprintf_packaged.c.obj)
                0x00000fec                cbprintf_package_convert
 .text.__printk_hook_install
                0x000013b8        0xc zephyr/libzephyr.a(printk.c.obj)
                0x000013b8                __printk_hook_install
 .text.z_thread_entry
                0x000013c4       0x34 zephyr/libzephyr.a(thread_entry.c.obj)
                0x000013c4                z_thread_entry
 .text.process_event
                0x000013f8      0x1e8 zephyr/libzephyr.a(onoff.c.obj)
 .text.ipc_service_open_instance
                0x000015e0       0x40 zephyr/libzephyr.a(ipc_service.c.obj)
                0x000015e0                ipc_service_open_instance
 .text.ipc_service_close_instance
                0x00001620       0x40 zephyr/libzephyr.a(ipc_service.c.obj)
                0x00001620                ipc_service_close_instance
 .text.ipc_service_register_endpoint
                0x00001660       0x44 zephyr/libzephyr.a(ipc_service.c.obj)
                0x00001660                ipc_service_register_endpoint
 .text.ipc_service_deregister_endpoint
                0x000016a4       0x58 zephyr/libzephyr.a(ipc_service.c.obj)
                0x000016a4                ipc_service_deregister_endpoint
 .text.ipc_service_send
                0x000016fc       0x5c zephyr/libzephyr.a(ipc_service.c.obj)
                0x000016fc                ipc_service_send
 .text.shared_memory_prepare
                0x00001758       0x14 zephyr/libzephyr.a(ipc_rpmsg_static_vrings.c.obj)
 .text.advertise_ept
                0x0000176c       0x44 zephyr/libzephyr.a(ipc_rpmsg_static_vrings.c.obj)
 .text.open     0x000017b0      0x1d0 zephyr/libzephyr.a(ipc_rpmsg_static_vrings.c.obj)
 .text.ns_bind_cb
                0x00001980       0x7c zephyr/libzephyr.a(ipc_rpmsg_static_vrings.c.obj)
 .text.bound_cb
                0x000019fc       0x30 zephyr/libzephyr.a(ipc_rpmsg_static_vrings.c.obj)
 .text.send     0x00001a2c       0x4c zephyr/libzephyr.a(ipc_rpmsg_static_vrings.c.obj)
 .text.register_ept
                0x00001a78       0xf0 zephyr/libzephyr.a(ipc_rpmsg_static_vrings.c.obj)
 .text.deregister_ept
                0x00001b68       0x44 zephyr/libzephyr.a(ipc_rpmsg_static_vrings.c.obj)
 .text.ns_bind_cb
                0x00001bac       0x74 zephyr/libzephyr.a(ipc_rpmsg.c.obj)
 .text.ipc_rpmsg_register_ept
                0x00001c20       0x3c zephyr/libzephyr.a(ipc_rpmsg.c.obj)
                0x00001c20                ipc_rpmsg_register_ept
 .text.ipc_rpmsg_init
                0x00001c5c       0x70 zephyr/libzephyr.a(ipc_rpmsg.c.obj)
                0x00001c5c                ipc_rpmsg_init
 .text.ipc_static_vrings_init
                0x00001ccc       0xbc zephyr/libzephyr.a(ipc_static_vrings.c.obj)
                0x00001ccc                ipc_static_vrings_init
 .text.activate_foreach_backend
                0x00001d88       0x60 zephyr/libzephyr.a(log_core.c.obj)
 .text.enable_logger
                0x00001de8       0x58 zephyr/libzephyr.a(log_core.c.obj)
 .text.log_process_thread_timer_expiry_fn
                0x00001e40        0xc zephyr/libzephyr.a(log_core.c.obj)
 .text.z_log_init
                0x00001e4c       0x98 zephyr/libzephyr.a(log_core.c.obj)
 .text.log_format_func_t_get
                0x00001ee4        0xc zephyr/libzephyr.a(log_core.c.obj)
                0x00001ee4                log_format_func_t_get
 .text.log_set_timestamp_func
                0x00001ef0       0x20 zephyr/libzephyr.a(log_core.c.obj)
                0x00001ef0                log_set_timestamp_func
 .text.z_log_notify_backend_enabled
                0x00001f10       0x1c zephyr/libzephyr.a(log_core.c.obj)
                0x00001f10                z_log_notify_backend_enabled
 .text.z_log_dropped
                0x00001f2c       0x3c zephyr/libzephyr.a(log_core.c.obj)
                0x00001f2c                z_log_dropped
 .text.z_log_dropped_read_and_clear
                0x00001f68       0x18 zephyr/libzephyr.a(log_core.c.obj)
                0x00001f68                z_log_dropped_read_and_clear
 .text.dropped_notify
                0x00001f80       0x30 zephyr/libzephyr.a(log_core.c.obj)
                0x00001f80                dropped_notify
 .text.z_log_msg_init
                0x00001fb0       0x20 zephyr/libzephyr.a(log_core.c.obj)
                0x00001fb0                z_log_msg_init
 .text.log_core_init
                0x00001fd0       0x50 zephyr/libzephyr.a(log_core.c.obj)
                0x00001fd0                log_core_init
 .text.z_log_msg_alloc
                0x00002020       0x10 zephyr/libzephyr.a(log_core.c.obj)
                0x00002020                z_log_msg_alloc
 .text.z_log_msg_local_claim
                0x00002030        0xc zephyr/libzephyr.a(log_core.c.obj)
                0x00002030                z_log_msg_local_claim
 .text.z_log_msg_free
                0x0000203c       0x10 zephyr/libzephyr.a(log_core.c.obj)
                0x0000203c                z_log_msg_free
 .text.z_log_msg_pending
                0x0000204c        0xc zephyr/libzephyr.a(log_core.c.obj)
                0x0000204c                z_log_msg_pending
 .text.z_impl_log_process
                0x00002058       0xbc zephyr/libzephyr.a(log_core.c.obj)
                0x00002058                z_impl_log_process
 .text.z_impl_log_panic
                0x00002114       0x44 zephyr/libzephyr.a(log_core.c.obj)
                0x00002114                z_impl_log_panic
 .text.log_process_thread_func
                0x00002158       0xa0 zephyr/libzephyr.a(log_core.c.obj)
 .text.z_log_msg_post_finalize
                0x000021f8       0x78 zephyr/libzephyr.a(log_core.c.obj)
 .text.z_log_msg_commit
                0x00002270       0x24 zephyr/libzephyr.a(log_core.c.obj)
                0x00002270                z_log_msg_commit
 .text.log_source_name_get
                0x00002294       0x1c zephyr/libzephyr.a(log_mgmt.c.obj)
                0x00002294                log_source_name_get
 .text.z_impl_z_log_msg_static_create
                0x000022b0      0x100 zephyr/libzephyr.a(log_msg.c.obj)
                0x000022b0                z_impl_z_log_msg_static_create
 .text.z_log_msg_runtime_vcreate
                0x000023b0       0xa4 zephyr/libzephyr.a(log_msg.c.obj)
                0x000023b0                z_log_msg_runtime_vcreate
 .text.log_msg_get_source_id
                0x00002454       0x18 zephyr/libzephyr.a(log_msg.c.obj)
                0x00002454                log_msg_get_source_id
 .text.print_formatted
                0x0000246c       0x24 zephyr/libzephyr.a(log_output.c.obj)
 .text.newline_print
                0x00002490       0x1c zephyr/libzephyr.a(log_output.c.obj)
 .text.log_output_process
                0x000024ac      0x26c zephyr/libzephyr.a(log_output.c.obj)
                0x000024ac                log_output_process
 .text.log_output_dropped_process
                0x00002718       0x58 zephyr/libzephyr.a(log_output.c.obj)
                0x00002718                log_output_dropped_process
 .text.log_output_timestamp_freq_set
                0x00002770       0x2c zephyr/libzephyr.a(log_output.c.obj)
                0x00002770                log_output_timestamp_freq_set
 .text.char_out
                0x0000279c       0x24 zephyr/libzephyr.a(log_backend_uart.c.obj)
 .text.mem_attr_get_regions
                0x000027c0        0xc zephyr/libzephyr.a(mem_attr.c.obj)
                0x000027c0                mem_attr_get_regions
 .text.read_ppcp
                0x000027cc       0x2c zephyr/libzephyr.a(gap_svc.c.obj)
 .text.ncs_boot_banner
                0x000027f8       0x1c zephyr/libzephyr.a(banner.c.obj)
 .text.nrf_cc3xx_platform_abort_init
                0x00002814        0xc zephyr/libzephyr.a(nrf_cc3xx_platform_abort_zephyr.c.obj)
                0x00002814                nrf_cc3xx_platform_abort_init
 .text.mutex_free_platform
                0x00002820       0x54 zephyr/libzephyr.a(nrf_cc3xx_platform_mutex_zephyr.c.obj)
 .text.mutex_lock_platform
                0x00002874       0x74 zephyr/libzephyr.a(nrf_cc3xx_platform_mutex_zephyr.c.obj)
 .text.mutex_unlock_platform
                0x000028e8       0x68 zephyr/libzephyr.a(nrf_cc3xx_platform_mutex_zephyr.c.obj)
 .text.mutex_init_platform
                0x00002950       0x94 zephyr/libzephyr.a(nrf_cc3xx_platform_mutex_zephyr.c.obj)
 .text.nrf_cc3xx_platform_mutex_init
                0x000029e4       0x2c zephyr/libzephyr.a(nrf_cc3xx_platform_mutex_zephyr.c.obj)
                0x000029e4                nrf_cc3xx_platform_mutex_init
 .text.arch_bss_zero
                0x00002a10       0x18 zephyr/arch/common/libarch__common.a(init.c.obj)
                0x00002a10                arch_bss_zero
 .text.arch_data_copy
                0x00002a28       0x38 zephyr/arch/common/libarch__common.a(xip.c.obj)
                0x00002a28                arch_data_copy
 .text.z_arm_fatal_error
                0x00002a60       0xb8 zephyr/arch/arch/arm/core/libarch__arm__core.a(fatal.c.obj)
                0x00002a60                z_arm_fatal_error
 .text.z_SysNmiOnReset
                0x00002b18        0x8 zephyr/arch/arch/arm/core/libarch__arm__core.a(nmi_on_reset.S.obj)
                0x00002b18                z_SysNmiOnReset
 .text.arch_tls_stack_setup
                0x00002b20       0x40 zephyr/arch/arch/arm/core/libarch__arm__core.a(tls.c.obj)
                0x00002b20                arch_tls_stack_setup
 .text.usage_fault.isra.0
                0x00002b60       0xbc zephyr/arch/arch/arm/core/cortex_m/libarch__arm__core__cortex_m.a(fault.c.obj)
 .text.mem_manage_fault.isra.0
                0x00002c1c       0xd0 zephyr/arch/arch/arm/core/cortex_m/libarch__arm__core__cortex_m.a(fault.c.obj)
 .text.bus_fault.isra.0
                0x00002cec       0xd0 zephyr/arch/arch/arm/core/cortex_m/libarch__arm__core__cortex_m.a(fault.c.obj)
 .text.z_arm_fault
                0x00002dbc      0x1d8 zephyr/arch/arch/arm/core/cortex_m/libarch__arm__core__cortex_m.a(fault.c.obj)
                0x00002dbc                z_arm_fault
 .text.z_arm_fault_init
                0x00002f94       0x20 zephyr/arch/arch/arm/core/cortex_m/libarch__arm__core__cortex_m.a(fault.c.obj)
                0x00002f94                z_arm_fault_init
 .text.__fault  0x00002fb4       0x14 zephyr/arch/arch/arm/core/cortex_m/libarch__arm__core__cortex_m.a(fault_s.S.obj)
                0x00002fb4                z_arm_usage_fault
                0x00002fb4                z_arm_mpu_fault
                0x00002fb4                z_arm_exc_spurious
                0x00002fb4                z_arm_debug_monitor
                0x00002fb4                z_arm_hard_fault
                0x00002fb4                z_arm_bus_fault
 .text._reset_section
                0x00002fc8       0x68 zephyr/arch/arch/arm/core/cortex_m/libarch__arm__core__cortex_m.a(reset.S.obj)
                0x00002fc8                __start
                0x00002fc8                z_arm_reset
 .text.z_arm_clear_arm_mpu_config
                0x00003030       0x24 zephyr/arch/arch/arm/core/cortex_m/libarch__arm__core__cortex_m.a(scb.c.obj)
                0x00003030                z_arm_clear_arm_mpu_config
 .text.z_arm_init_arch_hw_at_boot
                0x00003054       0x4c zephyr/arch/arch/arm/core/cortex_m/libarch__arm__core__cortex_m.a(scb.c.obj)
                0x00003054                z_arm_init_arch_hw_at_boot
 .text.z_arm_svc
                0x000030a0       0x24 zephyr/arch/arch/arm/core/cortex_m/libarch__arm__core__cortex_m.a(svc.S.obj)
                0x000030a0                z_arm_svc
 .text.arm_irq_enable
                0x000030c4       0x1c zephyr/arch/arch/arm/core/cortex_m/libarch__arm__core__cortex_m.a(irq_manage.c.obj)
                0x000030c4                arm_irq_enable
 .text.arm_irq_disable
                0x000030e0       0x28 zephyr/arch/arch/arm/core/cortex_m/libarch__arm__core__cortex_m.a(irq_manage.c.obj)
                0x000030e0                arm_irq_disable
 .text.arm_irq_is_enabled
                0x00003108       0x1c zephyr/arch/arch/arm/core/cortex_m/libarch__arm__core__cortex_m.a(irq_manage.c.obj)
                0x00003108                arm_irq_is_enabled
 .text.arm_irq_priority_set
                0x00003124       0x2c zephyr/arch/arch/arm/core/cortex_m/libarch__arm__core__cortex_m.a(irq_manage.c.obj)
                0x00003124                arm_irq_priority_set
 .text.relocate_vector_table
                0x00003150       0x1c zephyr/arch/arch/arm/core/cortex_m/libarch__arm__core__cortex_m.a(prep_c.c.obj)
                0x00003150                relocate_vector_table
 .text.z_prep_c
                0x0000316c       0x28 zephyr/arch/arch/arm/core/cortex_m/libarch__arm__core__cortex_m.a(prep_c.c.obj)
                0x0000316c                z_prep_c
 .text.arch_new_thread
                0x00003194       0x38 zephyr/arch/arch/arm/core/cortex_m/libarch__arm__core__cortex_m.a(thread.c.obj)
                0x00003194                arch_new_thread
 .text.arch_switch_to_main_thread
                0x000031cc       0x44 zephyr/arch/arch/arm/core/cortex_m/libarch__arm__core__cortex_m.a(thread.c.obj)
                0x000031cc                arch_switch_to_main_thread
 .text.z_arm_cpu_idle_init
                0x00003210        0xc zephyr/arch/arch/arm/core/cortex_m/libarch__arm__core__cortex_m.a(cpu_idle.c.obj)
                0x00003210                z_arm_cpu_idle_init
 .text._HandlerModeExit
                0x0000321c       0x20 zephyr/arch/arch/arm/core/cortex_m/libarch__arm__core__cortex_m.a(exc_exit.c.obj)
                0x0000321c                z_arm_int_exit
                0x0000321c                z_arm_exc_exit
 .text.z_impl_k_thread_abort
                0x0000323c       0x2c zephyr/arch/arch/arm/core/cortex_m/libarch__arm__core__cortex_m.a(thread_abort.c.obj)
                0x0000323c                z_impl_k_thread_abort
 .text.z_arm_pendsv
                0x00003268       0x68 zephyr/arch/arch/arm/core/cortex_m/libarch__arm__core__cortex_m.a(swap_helper.S.obj)
                0x00003268                z_arm_pendsv
 .text.z_arm_interrupt_init
                0x000032d0       0x18 zephyr/arch/arch/arm/core/cortex_m/libarch__arm__core__cortex_m.a(irq_init.c.obj)
                0x000032d0                z_arm_interrupt_init
 .text._isr_wrapper
                0x000032e8       0x24 zephyr/arch/arch/arm/core/cortex_m/libarch__arm__core__cortex_m.a(isr_wrapper.c.obj)
                0x000032e8                _isr_wrapper
 .text.__aeabi_read_tp
                0x0000330c        0xc zephyr/arch/arch/arm/core/cortex_m/libarch__arm__core__cortex_m.a(__aeabi_read_tp.S.obj)
                0x0000330c                __aeabi_read_tp
 .text.z_arm_configure_static_mpu_regions
                0x00003318       0x3c zephyr/arch/arch/arm/core/mpu/libarch__arm__core__mpu.a(arm_core_mpu.c.obj)
                0x00003318                z_arm_configure_static_mpu_regions
 .text.region_init
                0x00003354       0x30 zephyr/arch/arch/arm/core/mpu/libarch__arm__core__mpu.a(arm_mpu.c.obj)
 .text.region_allocate_and_init
                0x00003384       0x38 zephyr/arch/arch/arm/core/mpu/libarch__arm__core__mpu.a(arm_mpu.c.obj)
 .text.mpu_configure_regions_and_partition.constprop.0
                0x000033bc      0x15c zephyr/arch/arch/arm/core/mpu/libarch__arm__core__mpu.a(arm_mpu.c.obj)
 .text.arm_core_mpu_enable
                0x00003518       0x18 zephyr/arch/arch/arm/core/mpu/libarch__arm__core__mpu.a(arm_mpu.c.obj)
                0x00003518                arm_core_mpu_enable
 .text.arm_core_mpu_disable
                0x00003530       0x14 zephyr/arch/arch/arm/core/mpu/libarch__arm__core__mpu.a(arm_mpu.c.obj)
                0x00003530                arm_core_mpu_disable
 .text.arm_core_mpu_configure_static_mpu_regions
                0x00003544       0x14 zephyr/arch/arch/arm/core/mpu/libarch__arm__core__mpu.a(arm_mpu.c.obj)
                0x00003544                arm_core_mpu_configure_static_mpu_regions
 .text.arm_core_mpu_mark_areas_for_dynamic_regions
                0x00003558       0xb8 zephyr/arch/arch/arm/core/mpu/libarch__arm__core__mpu.a(arm_mpu.c.obj)
                0x00003558                arm_core_mpu_mark_areas_for_dynamic_regions
 .text.z_arm_mpu_init
                0x00003610      0x164 zephyr/arch/arch/arm/core/mpu/libarch__arm__core__mpu.a(arm_mpu.c.obj)
                0x00003610                z_arm_mpu_init
 .text.cbvprintf
                0x00003774       0x38 zephyr/lib/libc/picolibc/liblib__libc__picolibc.a(cbprintf.c.obj)
                0x00003774                cbvprintf
 .text._exit    0x000037ac       0x10 zephyr/lib/libc/picolibc/liblib__libc__picolibc.a(exit.c.obj)
                0x000037ac                _exit
 .text.z_impl_zephyr_fputc
                0x000037bc       0x10 zephyr/lib/libc/picolibc/liblib__libc__picolibc.a(stdio.c.obj)
                0x000037bc                z_impl_zephyr_fputc
 .text.__stdout_hook_install
                0x000037cc       0x18 zephyr/lib/libc/picolibc/liblib__libc__picolibc.a(stdio.c.obj)
                0x000037cc                __stdout_hook_install
 .text.malloc_prepare
                0x000037e4       0x24 zephyr/lib/libc/common/liblib__libc__common.a(malloc.c.obj)
 .text.net_buf_destroy
                0x00003808       0x38 zephyr/lib/net_buf/liblib__net_buf.a(buf.c.obj)
 .text.net_buf_pool_get
                0x00003840       0x10 zephyr/lib/net_buf/liblib__net_buf.a(buf.c.obj)
                0x00003840                net_buf_pool_get
 .text.net_buf_id
                0x00003850       0x20 zephyr/lib/net_buf/liblib__net_buf.a(buf.c.obj)
                0x00003850                net_buf_id
 .text.fixed_data_alloc
                0x00003870       0x24 zephyr/lib/net_buf/liblib__net_buf.a(buf.c.obj)
 .text.net_buf_alloc_len
                0x00003894       0xfc zephyr/lib/net_buf/liblib__net_buf.a(buf.c.obj)
                0x00003894                net_buf_alloc_len
 .text.net_buf_unref
                0x00003990       0x3c zephyr/lib/net_buf/liblib__net_buf.a(buf.c.obj)
                0x00003990                net_buf_unref
 .text.nrf53_anomaly_160_check
                0x000039cc       0x64 zephyr/soc/soc/nrf5340/libsoc__nordic.a(soc.c.obj)
 .text.nrf_gpio_pin_control_select.constprop.0
                0x00003a30       0x1c zephyr/soc/soc/nrf5340/libsoc__nordic.a(soc.c.obj)
 .text.soc_early_init_hook
                0x00003a4c       0x3c zephyr/soc/soc/nrf5340/libsoc__nordic.a(soc.c.obj)
                0x00003a4c                soc_early_init_hook
 .text.soc_late_init_hook
                0x00003a88       0x48 zephyr/soc/soc/nrf5340/libsoc__nordic.a(soc.c.obj)
                0x00003a88                soc_late_init_hook
 .text.arch_busy_wait
                0x00003ad0       0x24 zephyr/soc/soc/nrf5340/libsoc__nordic.a(soc.c.obj)
                0x00003ad0                arch_busy_wait
 .text.assign_pins
                0x00003af4       0x54 zephyr/soc/soc/nrf5340/libsoc__nordic.a(nrf53_cpunet_mgmt.c.obj)
 .text.nrf53_cpunet_mgmt_init
                0x00003b48       0x10 zephyr/soc/soc/nrf5340/libsoc__nordic.a(nrf53_cpunet_mgmt.c.obj)
                0x00003b48                nrf53_cpunet_mgmt_init
 .text.nrf53_cpunet_enable
                0x00003b58       0x34 zephyr/soc/soc/nrf5340/libsoc__nordic.a(nrf53_cpunet_mgmt.c.obj)
                0x00003b58                nrf53_cpunet_enable
 .text.gppi_init
                0x00003b8c       0x1c zephyr/soc/soc/nrf5340/libsoc__nordic.a(gppi_init.c.obj)
 .text.bt_addr_le_tmp_str
                0x00003ba8       0x98 zephyr/subsys/bluetooth/common/libsubsys__bluetooth__common.a(addr.c.obj)
                0x00003ba8                bt_addr_le_tmp_str
 .text.bt_hex   0x00003c40       0x44 zephyr/subsys/bluetooth/common/libsubsys__bluetooth__common.a(bt_str.c.obj)
                0x00003c40                bt_hex
 .text.long_wq_init
                0x00003c84       0x38 zephyr/subsys/bluetooth/host/libsubsys__bluetooth__host.a(long_wq.c.obj)
 .text.bt_long_wq_schedule
                0x00003cbc        0xc zephyr/subsys/bluetooth/host/libsubsys__bluetooth__host.a(long_wq.c.obj)
                0x00003cbc                bt_long_wq_schedule
 .text.bt_uuid_to_uuid
                0x00003cc8       0x68 zephyr/subsys/bluetooth/host/libsubsys__bluetooth__host.a(uuid.c.obj)
 .text.buf_rx_freed_notify
                0x00003d30       0x2c zephyr/subsys/bluetooth/host/libsubsys__bluetooth__host.a(buf.c.obj)
 .text.bt_buf_get_rx
                0x00003d5c       0x38 zephyr/subsys/bluetooth/host/libsubsys__bluetooth__host.a(buf.c.obj)
                0x00003d5c                bt_buf_get_rx
 .text.bt_buf_get_evt
                0x00003d94       0x3c zephyr/subsys/bluetooth/host/libsubsys__bluetooth__host.a(buf.c.obj)
                0x00003d94                bt_buf_get_evt
 .text.hci_data_buf_overflow
                0x00003dd0       0x18 zephyr/subsys/bluetooth/host/libsubsys__bluetooth__host.a(hci_core.c.obj)
 .text.hci_disconn_complete_prio
                0x00003de8       0x4c zephyr/subsys/bluetooth/host/libsubsys__bluetooth__host.a(hci_core.c.obj)
 .text.hci_disconn_complete
                0x00003e34       0x44 zephyr/subsys/bluetooth/host/libsubsys__bluetooth__host.a(hci_core.c.obj)
 .text.le_phy_update_complete
                0x00003e78       0x34 zephyr/subsys/bluetooth/host/libsubsys__bluetooth__host.a(hci_core.c.obj)
 .text.hci_hardware_error
                0x00003eac       0x24 zephyr/subsys/bluetooth/host/libsubsys__bluetooth__host.a(hci_core.c.obj)
 .text.rx_queue_put
                0x00003ed0       0x3c zephyr/subsys/bluetooth/host/libsubsys__bluetooth__host.a(hci_core.c.obj)
 .text.bt_tx_processor_init
                0x00003f0c       0x34 zephyr/subsys/bluetooth/host/libsubsys__bluetooth__host.a(hci_core.c.obj)
 .text.find_pending_connect.part.0
                0x00003f40       0x2c zephyr/subsys/bluetooth/host/libsubsys__bluetooth__host.a(hci_core.c.obj)
 .text.le_conn_param_neg_reply.part.0
                0x00003f6c       0x14 zephyr/subsys/bluetooth/host/libsubsys__bluetooth__host.a(hci_core.c.obj)
 .text.handle_event.part.0
                0x00003f80       0x48 zephyr/subsys/bluetooth/host/libsubsys__bluetooth__host.a(hci_core.c.obj)
 .text.le_remote_feat_complete
                0x00003fc8       0x54 zephyr/subsys/bluetooth/host/libsubsys__bluetooth__host.a(hci_core.c.obj)
 .text.hci_num_completed_packets
                0x0000401c       0xf0 zephyr/subsys/bluetooth/host/libsubsys__bluetooth__host.a(hci_core.c.obj)
 .text.handle_event_common
                0x0000410c       0x50 zephyr/subsys/bluetooth/host/libsubsys__bluetooth__host.a(hci_core.c.obj)
 .text.bt_hci_recv
                0x0000415c      0x130 zephyr/subsys/bluetooth/host/libsubsys__bluetooth__host.a(hci_core.c.obj)
                0x0000415c                bt_hci_recv
 .text.hci_le_meta_prio_event
                0x0000428c       0x20 zephyr/subsys/bluetooth/host/libsubsys__bluetooth__host.a(hci_core.c.obj)
 .text.rx_work_handler
                0x000042ac      0x134 zephyr/subsys/bluetooth/host/libsubsys__bluetooth__host.a(hci_core.c.obj)
 .text.hci_le_meta_event
                0x000043e0       0x20 zephyr/subsys/bluetooth/host/libsubsys__bluetooth__host.a(hci_core.c.obj)
 .text.hci_vendor_event
                0x00004400       0x68 zephyr/subsys/bluetooth/host/libsubsys__bluetooth__host.a(hci_core.c.obj)
 .text.hci_cmd_done.part.0
                0x00004468      0x124 zephyr/subsys/bluetooth/host/libsubsys__bluetooth__host.a(hci_core.c.obj)
 .text.le_conn_update_complete
                0x0000458c      0x120 zephyr/subsys/bluetooth/host/libsubsys__bluetooth__host.a(hci_core.c.obj)
 .text.enh_conn_complete_error_handle
                0x000046ac       0x80 zephyr/subsys/bluetooth/host/libsubsys__bluetooth__host.a(hci_core.c.obj)
 .text.hci_reset_complete
                0x0000472c       0x1c zephyr/subsys/bluetooth/host/libsubsys__bluetooth__host.a(hci_core.c.obj)
 .text.bt_hci_cmd_state_set_init
                0x00004748       0x24 zephyr/subsys/bluetooth/host/libsubsys__bluetooth__host.a(hci_core.c.obj)
                0x00004748                bt_hci_cmd_state_set_init
 .text.bt_hci_cmd_alloc
                0x0000476c       0x50 zephyr/subsys/bluetooth/host/libsubsys__bluetooth__host.a(hci_core.c.obj)
                0x0000476c                bt_hci_cmd_alloc
 .text.bt_hci_get_ver_str
                0x000047bc       0x2c zephyr/subsys/bluetooth/host/libsubsys__bluetooth__host.a(hci_core.c.obj)
                0x000047bc                bt_hci_get_ver_str
 .text.bt_send  0x000047e8       0x14 zephyr/subsys/bluetooth/host/libsubsys__bluetooth__host.a(hci_core.c.obj)
                0x000047e8                bt_send
 .text.bt_finalize_init
                0x000047fc      0x178 zephyr/subsys/bluetooth/host/libsubsys__bluetooth__host.a(hci_core.c.obj)
                0x000047fc                bt_finalize_init
 .text.bt_get_name
                0x00004974        0x8 zephyr/subsys/bluetooth/host/libsubsys__bluetooth__host.a(hci_core.c.obj)
                0x00004974                bt_get_name
 .text.bt_tx_irq_raise
                0x0000497c       0x10 zephyr/subsys/bluetooth/host/libsubsys__bluetooth__host.a(hci_core.c.obj)
                0x0000497c                bt_tx_irq_raise
 .text.bt_hci_cmd_send
                0x0000498c       0xa4 zephyr/subsys/bluetooth/host/libsubsys__bluetooth__host.a(hci_core.c.obj)
                0x0000498c                bt_hci_cmd_send
 .text.bt_hci_host_num_completed_packets
                0x00004a30       0xdc zephyr/subsys/bluetooth/host/libsubsys__bluetooth__host.a(hci_core.c.obj)
                0x00004a30                bt_hci_host_num_completed_packets
 .text.bt_hci_cmd_send_sync
                0x00004b0c      0x150 zephyr/subsys/bluetooth/host/libsubsys__bluetooth__host.a(hci_core.c.obj)
                0x00004b0c                bt_hci_cmd_send_sync
 .text.bt_hci_le_rand
                0x00004c5c       0x58 zephyr/subsys/bluetooth/host/libsubsys__bluetooth__host.a(hci_core.c.obj)
                0x00004c5c                bt_hci_le_rand
 .text.bt_hci_le_enh_conn_complete
                0x00004cb4      0x198 zephyr/subsys/bluetooth/host/libsubsys__bluetooth__host.a(hci_core.c.obj)
                0x00004cb4                bt_hci_le_enh_conn_complete
 .text.le_legacy_conn_complete
                0x00004e4c       0x7c zephyr/subsys/bluetooth/host/libsubsys__bluetooth__host.a(hci_core.c.obj)
 .text.bt_init  0x00004ec8      0x558 zephyr/subsys/bluetooth/host/libsubsys__bluetooth__host.a(hci_core.c.obj)
 .text.init_work
                0x00005420       0x18 zephyr/subsys/bluetooth/host/libsubsys__bluetooth__host.a(hci_core.c.obj)
 .text.bt_enable
                0x00005438       0xd0 zephyr/subsys/bluetooth/host/libsubsys__bluetooth__host.a(hci_core.c.obj)
                0x00005438                bt_enable
 .text.le_conn_param_req
                0x00005508       0xc4 zephyr/subsys/bluetooth/host/libsubsys__bluetooth__host.a(hci_core.c.obj)
 .text.hci_cmd_status
                0x000055cc       0x34 zephyr/subsys/bluetooth/host/libsubsys__bluetooth__host.a(hci_core.c.obj)
 .text.hci_cmd_complete
                0x00005600       0x7c zephyr/subsys/bluetooth/host/libsubsys__bluetooth__host.a(hci_core.c.obj)
 .text.tx_processor
                0x0000567c       0xe8 zephyr/subsys/bluetooth/host/libsubsys__bluetooth__host.a(hci_core.c.obj)
 .text.id_find  0x00005764       0x30 zephyr/subsys/bluetooth/host/libsubsys__bluetooth__host.a(id.c.obj)
 .text.set_random_address
                0x00005794       0x78 zephyr/subsys/bluetooth/host/libsubsys__bluetooth__host.a(id.c.obj)
 .text.id_create.constprop.0
                0x0000580c       0x70 zephyr/subsys/bluetooth/host/libsubsys__bluetooth__host.a(id.c.obj)
 .text.bt_id_create
                0x0000587c       0xb4 zephyr/subsys/bluetooth/host/libsubsys__bluetooth__host.a(id.c.obj)
                0x0000587c                bt_id_create
 .text.bt_id_read_public_addr
                0x00005930       0x88 zephyr/subsys/bluetooth/host/libsubsys__bluetooth__host.a(id.c.obj)
                0x00005930                bt_id_read_public_addr
 .text.bt_setup_public_id_addr
                0x000059b8       0x20 zephyr/subsys/bluetooth/host/libsubsys__bluetooth__host.a(id.c.obj)
                0x000059b8                bt_setup_public_id_addr
 .text.bt_setup_random_id_addr
                0x000059d8       0xdc zephyr/subsys/bluetooth/host/libsubsys__bluetooth__host.a(id.c.obj)
                0x000059d8                bt_setup_random_id_addr
 .text.bt_id_set_adv_own_addr
                0x00005ab4       0xc8 zephyr/subsys/bluetooth/host/libsubsys__bluetooth__host.a(id.c.obj)
                0x00005ab4                bt_id_set_adv_own_addr
 .text.bt_id_init
                0x00005b7c       0x54 zephyr/subsys/bluetooth/host/libsubsys__bluetooth__host.a(id.c.obj)
                0x00005b7c                bt_id_init
 .text.hci_set_ad.constprop.0
                0x00005bd0       0xc8 zephyr/subsys/bluetooth/host/libsubsys__bluetooth__host.a(adv.c.obj)
 .text.le_adv_update.constprop.0
                0x00005c98       0x50 zephyr/subsys/bluetooth/host/libsubsys__bluetooth__host.a(adv.c.obj)
 .text.bt_le_adv_lookup_legacy
                0x00005ce8        0x8 zephyr/subsys/bluetooth/host/libsubsys__bluetooth__host.a(adv.c.obj)
                0x00005ce8                bt_le_adv_lookup_legacy
 .text.bt_le_adv_start
                0x00005cf0      0x368 zephyr/subsys/bluetooth/host/libsubsys__bluetooth__host.a(adv.c.obj)
                0x00005cf0                bt_le_adv_start
 .text.bt_le_adv_stop
                0x00006058       0x74 zephyr/subsys/bluetooth/host/libsubsys__bluetooth__host.a(adv.c.obj)
                0x00006058                bt_le_adv_stop
 .text.adv_timeout
                0x000060cc       0x24 zephyr/subsys/bluetooth/host/libsubsys__bluetooth__host.a(adv.c.obj)
 .text.bt_crypto_init
                0x000060f0       0x24 zephyr/subsys/bluetooth/host/libsubsys__bluetooth__host.a(crypto_psa.c.obj)
                0x000060f0                bt_crypto_init
 .text.bt_rand  0x00006114       0x24 zephyr/subsys/bluetooth/host/libsubsys__bluetooth__host.a(crypto_psa.c.obj)
                0x00006114                bt_rand
 .text.notify_connected
                0x00006138       0x40 zephyr/subsys/bluetooth/host/libsubsys__bluetooth__host.a(conn.c.obj)
 .text.frag_destroy
                0x00006178       0x20 zephyr/subsys/bluetooth/host/libsubsys__bluetooth__host.a(conn.c.obj)
 .text.conn_tx_destroy
                0x00006198       0x2c zephyr/subsys/bluetooth/host/libsubsys__bluetooth__host.a(conn.c.obj)
 .text.recycled_work_handler
                0x000061c4       0x54 zephyr/subsys/bluetooth/host/libsubsys__bluetooth__host.a(conn.c.obj)
 .text.tx_notify_process
                0x00006218       0x58 zephyr/subsys/bluetooth/host/libsubsys__bluetooth__host.a(conn.c.obj)
 .text.perform_auto_initiated_procedures.part.0
                0x00006270       0x68 zephyr/subsys/bluetooth/host/libsubsys__bluetooth__host.a(conn.c.obj)
 .text.bt_conn_get_pkts
                0x000062d8       0x18 zephyr/subsys/bluetooth/host/libsubsys__bluetooth__host.a(conn.c.obj)
                0x000062d8                bt_conn_get_pkts
 .text.bt_conn_tx_notify
                0x000062f0       0x48 zephyr/subsys/bluetooth/host/libsubsys__bluetooth__host.a(conn.c.obj)
                0x000062f0                bt_conn_tx_notify
 .text.bt_conn_new
                0x00006338       0x5c zephyr/subsys/bluetooth/host/libsubsys__bluetooth__host.a(conn.c.obj)
                0x00006338                bt_conn_new
 .text.bt_conn_recv
                0x00006394       0xf8 zephyr/subsys/bluetooth/host/libsubsys__bluetooth__host.a(conn.c.obj)
                0x00006394                bt_conn_recv
 .text.bt_conn_unref
                0x0000648c       0x50 zephyr/subsys/bluetooth/host/libsubsys__bluetooth__host.a(conn.c.obj)
                0x0000648c                bt_conn_unref
 .text.bt_conn_data_ready
                0x000064dc       0x54 zephyr/subsys/bluetooth/host/libsubsys__bluetooth__host.a(conn.c.obj)
                0x000064dc                bt_conn_data_ready
 .text.bt_conn_set_state
                0x00006530      0x188 zephyr/subsys/bluetooth/host/libsubsys__bluetooth__host.a(conn.c.obj)
                0x00006530                bt_conn_set_state
 .text.bt_conn_foreach
                0x000066b8       0x30 zephyr/subsys/bluetooth/host/libsubsys__bluetooth__host.a(conn.c.obj)
                0x000066b8                bt_conn_foreach
 .text.auto_initiated_procedures
                0x000066e8       0x10 zephyr/subsys/bluetooth/host/libsubsys__bluetooth__host.a(conn.c.obj)
 .text.bt_conn_lookup_handle
                0x000066f8       0x4c zephyr/subsys/bluetooth/host/libsubsys__bluetooth__host.a(conn.c.obj)
                0x000066f8                bt_conn_lookup_handle
 .text.bt_conn_index
                0x00006744       0x18 zephyr/subsys/bluetooth/host/libsubsys__bluetooth__host.a(conn.c.obj)
                0x00006744                bt_conn_index
 .text.bt_conn_create_pdu_timeout
                0x0000675c       0x60 zephyr/subsys/bluetooth/host/libsubsys__bluetooth__host.a(conn.c.obj)
                0x0000675c                bt_conn_create_pdu_timeout
 .text.bt_conn_connected
                0x000067bc       0x20 zephyr/subsys/bluetooth/host/libsubsys__bluetooth__host.a(conn.c.obj)
                0x000067bc                bt_conn_connected
 .text.bt_conn_tx_processor
                0x000067dc      0x31c zephyr/subsys/bluetooth/host/libsubsys__bluetooth__host.a(conn.c.obj)
                0x000067dc                bt_conn_tx_processor
 .text.bt_conn_notify_le_param_updated
                0x00006af8       0x98 zephyr/subsys/bluetooth/host/libsubsys__bluetooth__host.a(conn.c.obj)
                0x00006af8                bt_conn_notify_le_param_updated
 .text.bt_conn_le_param_req
                0x00006b90       0x78 zephyr/subsys/bluetooth/host/libsubsys__bluetooth__host.a(conn.c.obj)
                0x00006b90                bt_conn_le_param_req
 .text.bt_conn_cb_register
                0x00006c08       0x30 zephyr/subsys/bluetooth/host/libsubsys__bluetooth__host.a(conn.c.obj)
                0x00006c08                bt_conn_cb_register
 .text.bt_conn_add_le
                0x00006c38       0x54 zephyr/subsys/bluetooth/host/libsubsys__bluetooth__host.a(conn.c.obj)
                0x00006c38                bt_conn_add_le
 .text.bt_conn_lookup_addr_le
                0x00006c8c       0x34 zephyr/subsys/bluetooth/host/libsubsys__bluetooth__host.a(conn.c.obj)
                0x00006c8c                bt_conn_lookup_addr_le
 .text.bt_conn_exists_le
                0x00006cc0       0x78 zephyr/subsys/bluetooth/host/libsubsys__bluetooth__host.a(conn.c.obj)
                0x00006cc0                bt_conn_exists_le
 .text.bt_conn_lookup_state_le
                0x00006d38       0x44 zephyr/subsys/bluetooth/host/libsubsys__bluetooth__host.a(conn.c.obj)
                0x00006d38                bt_conn_lookup_state_le
 .text.bt_conn_dst_tmp_str
                0x00006d7c       0xb4 zephyr/subsys/bluetooth/host/libsubsys__bluetooth__host.a(conn.c.obj)
                0x00006d7c                bt_conn_dst_tmp_str
 .text.bt_conn_get_info
                0x00006e30       0xb8 zephyr/subsys/bluetooth/host/libsubsys__bluetooth__host.a(conn.c.obj)
                0x00006e30                bt_conn_get_info
 .text.send_conn_le_param_update
                0x00006ee8       0x68 zephyr/subsys/bluetooth/host/libsubsys__bluetooth__host.a(conn.c.obj)
 .text.deferred_work
                0x00006f50      0x100 zephyr/subsys/bluetooth/host/libsubsys__bluetooth__host.a(conn.c.obj)
 .text.bt_conn_lookup_index
                0x00007050       0x10 zephyr/subsys/bluetooth/host/libsubsys__bluetooth__host.a(conn.c.obj)
                0x00007050                bt_conn_lookup_index
 .text.bt_conn_init
                0x00007060       0x4c zephyr/subsys/bluetooth/host/libsubsys__bluetooth__host.a(conn.c.obj)
                0x00007060                bt_conn_init
 .text.l2cap_create_le_sig_pdu.part.0
                0x000070ac       0x14 zephyr/subsys/bluetooth/host/libsubsys__bluetooth__host.a(l2cap.c.obj)
 .text.l2cap_accept.part.0
                0x000070c0       0x30 zephyr/subsys/bluetooth/host/libsubsys__bluetooth__host.a(l2cap.c.obj)
 .text.l2cap_accept
                0x000070f0       0x24 zephyr/subsys/bluetooth/host/libsubsys__bluetooth__host.a(l2cap.c.obj)
 .text.bt_l2cap_create_pdu_timeout
                0x00007114       0x34 zephyr/subsys/bluetooth/host/libsubsys__bluetooth__host.a(l2cap.c.obj)
                0x00007114                bt_l2cap_create_pdu_timeout
 .text.bt_l2cap_send_pdu
                0x00007148       0x5c zephyr/subsys/bluetooth/host/libsubsys__bluetooth__host.a(l2cap.c.obj)
                0x00007148                bt_l2cap_send_pdu
 .text.l2cap_data_pull
                0x000071a4      0x100 zephyr/subsys/bluetooth/host/libsubsys__bluetooth__host.a(l2cap.c.obj)
                0x000071a4                l2cap_data_pull
 .text.bt_l2cap_connected
                0x000072a4       0x9c zephyr/subsys/bluetooth/host/libsubsys__bluetooth__host.a(l2cap.c.obj)
                0x000072a4                bt_l2cap_connected
 .text.l2cap_recv.part.0
                0x00007340       0xa4 zephyr/subsys/bluetooth/host/libsubsys__bluetooth__host.a(l2cap.c.obj)
 .text.l2cap_recv
                0x000073e4       0x24 zephyr/subsys/bluetooth/host/libsubsys__bluetooth__host.a(l2cap.c.obj)
 .text.bt_l2cap_recv
                0x00007408       0x58 zephyr/subsys/bluetooth/host/libsubsys__bluetooth__host.a(l2cap.c.obj)
                0x00007408                bt_l2cap_recv
 .text.bt_l2cap_update_conn_param
                0x00007460       0x54 zephyr/subsys/bluetooth/host/libsubsys__bluetooth__host.a(l2cap.c.obj)
                0x00007460                bt_l2cap_update_conn_param
 .text.att_op_get_type
                0x000074b4       0x74 zephyr/subsys/bluetooth/host/libsubsys__bluetooth__host.a(att.c.obj)
 .text.chan_send
                0x00007528       0xdc zephyr/subsys/bluetooth/host/libsubsys__bluetooth__host.a(att.c.obj)
 .text.att_tx_destroy
                0x00007604       0x64 zephyr/subsys/bluetooth/host/libsubsys__bluetooth__host.a(att.c.obj)
 .text.bt_att_released
                0x00007668        0xc zephyr/subsys/bluetooth/host/libsubsys__bluetooth__host.a(att.c.obj)
 .text.send_err_rsp.part.0
                0x00007674       0x14 zephyr/subsys/bluetooth/host/libsubsys__bluetooth__host.a(att.c.obj)
 .text.bt_att_connected
                0x00007688       0x38 zephyr/subsys/bluetooth/host/libsubsys__bluetooth__host.a(att.c.obj)
 .text.bt_att_chan_create_pdu
                0x000076c0       0xac zephyr/subsys/bluetooth/host/libsubsys__bluetooth__host.a(att.c.obj)
 .text.att_write_rsp.constprop.0
                0x0000776c       0xcc zephyr/subsys/bluetooth/host/libsubsys__bluetooth__host.a(att.c.obj)
 .text.bt_att_recv
                0x00007838       0xc8 zephyr/subsys/bluetooth/host/libsubsys__bluetooth__host.a(att.c.obj)
 .text.att_create_rsp_pdu
                0x00007900       0x60 zephyr/subsys/bluetooth/host/libsubsys__bluetooth__host.a(att.c.obj)
 .text.att_read_group_req
                0x00007960       0xf0 zephyr/subsys/bluetooth/host/libsubsys__bluetooth__host.a(att.c.obj)
 .text.att_read_mult_vl_req
                0x00007a50       0x94 zephyr/subsys/bluetooth/host/libsubsys__bluetooth__host.a(att.c.obj)
 .text.att_read_mult_req
                0x00007ae4       0x94 zephyr/subsys/bluetooth/host/libsubsys__bluetooth__host.a(att.c.obj)
 .text.att_read_rsp
                0x00007b78       0x90 zephyr/subsys/bluetooth/host/libsubsys__bluetooth__host.a(att.c.obj)
 .text.att_read_type_req
                0x00007c08      0x114 zephyr/subsys/bluetooth/host/libsubsys__bluetooth__host.a(att.c.obj)
 .text.att_find_type_req
                0x00007d1c       0xc0 zephyr/subsys/bluetooth/host/libsubsys__bluetooth__host.a(att.c.obj)
 .text.att_find_info_req
                0x00007ddc       0x6c zephyr/subsys/bluetooth/host/libsubsys__bluetooth__host.a(att.c.obj)
 .text.find_type_cb
                0x00007e48      0x15c zephyr/subsys/bluetooth/host/libsubsys__bluetooth__host.a(att.c.obj)
 .text.read_group_cb
                0x00007fa4       0xb8 zephyr/subsys/bluetooth/host/libsubsys__bluetooth__host.a(att.c.obj)
 .text.read_type_cb
                0x0000805c       0xc0 zephyr/subsys/bluetooth/host/libsubsys__bluetooth__host.a(att.c.obj)
 .text.bt_att_accept
                0x0000811c      0x120 zephyr/subsys/bluetooth/host/libsubsys__bluetooth__host.a(att.c.obj)
 .text.att_get  0x0000823c       0x4c zephyr/subsys/bluetooth/host/libsubsys__bluetooth__host.a(att.c.obj)
 .text.att_tx_destroy_work_handler
                0x00008288      0x1a0 zephyr/subsys/bluetooth/host/libsubsys__bluetooth__host.a(att.c.obj)
 .text.bt_att_create_pdu
                0x00008428       0x64 zephyr/subsys/bluetooth/host/libsubsys__bluetooth__host.a(att.c.obj)
                0x00008428                bt_att_create_pdu
 .text.bt_att_req_alloc
                0x0000848c       0x58 zephyr/subsys/bluetooth/host/libsubsys__bluetooth__host.a(att.c.obj)
                0x0000848c                bt_att_req_alloc
 .text.bt_att_req_free
                0x000084e4       0x20 zephyr/subsys/bluetooth/host/libsubsys__bluetooth__host.a(att.c.obj)
                0x000084e4                bt_att_req_free
 .text.att_handle_rsp.isra.0
                0x00008504       0x78 zephyr/subsys/bluetooth/host/libsubsys__bluetooth__host.a(att.c.obj)
 .text.bt_att_disconnected
                0x0000857c       0xc0 zephyr/subsys/bluetooth/host/libsubsys__bluetooth__host.a(att.c.obj)
 .text.att_disconnect
                0x0000863c       0x30 zephyr/subsys/bluetooth/host/libsubsys__bluetooth__host.a(att.c.obj)
 .text.att_timeout
                0x0000866c       0x54 zephyr/subsys/bluetooth/host/libsubsys__bluetooth__host.a(att.c.obj)
 .text.bt_att_set_tx_meta_data
                0x000086c0       0x24 zephyr/subsys/bluetooth/host/libsubsys__bluetooth__host.a(att.c.obj)
                0x000086c0                bt_att_set_tx_meta_data
 .text.find_cf_cfg
                0x000086e4       0x30 zephyr/subsys/bluetooth/host/libsubsys__bluetooth__host.a(gatt.c.obj)
 .text.find_sc_cfg
                0x00008714       0x24 zephyr/subsys/bluetooth/host/libsubsys__bluetooth__host.a(gatt.c.obj)
 .text.find_ccc_cfg
                0x00008738       0x28 zephyr/subsys/bluetooth/host/libsubsys__bluetooth__host.a(gatt.c.obj)
 .text.clear_cf_cfg
                0x00008760       0x28 zephyr/subsys/bluetooth/host/libsubsys__bluetooth__host.a(gatt.c.obj)
 .text.sc_save  0x00008788       0x6c zephyr/subsys/bluetooth/host/libsubsys__bluetooth__host.a(gatt.c.obj)
 .text.disconnected_cb
                0x000087f4       0x98 zephyr/subsys/bluetooth/host/libsubsys__bluetooth__host.a(gatt.c.obj)
 .text.db_hash_update
                0x0000888c       0x24 zephyr/subsys/bluetooth/host/libsubsys__bluetooth__host.a(gatt.c.obj)
 .text.bt_gatt_attr_write_ccc
                0x000088b0       0xbc zephyr/subsys/bluetooth/host/libsubsys__bluetooth__host.a(gatt.c.obj)
                0x000088b0                bt_gatt_attr_write_ccc
 .text.cf_write
                0x0000896c       0x98 zephyr/subsys/bluetooth/host/libsubsys__bluetooth__host.a(gatt.c.obj)
 .text.sc_indicate_rsp
                0x00008a04       0x4c zephyr/subsys/bluetooth/host/libsubsys__bluetooth__host.a(gatt.c.obj)
 .text.bt_gatt_init
                0x00008a50       0x78 zephyr/subsys/bluetooth/host/libsubsys__bluetooth__host.a(gatt.c.obj)
                0x00008a50                bt_gatt_init
 .text.bt_gatt_attr_get_handle
                0x00008ac8       0x60 zephyr/subsys/bluetooth/host/libsubsys__bluetooth__host.a(gatt.c.obj)
                0x00008ac8                bt_gatt_attr_get_handle
 .text.bt_gatt_foreach_attr_type
                0x00008b28       0xb4 zephyr/subsys/bluetooth/host/libsubsys__bluetooth__host.a(gatt.c.obj)
                0x00008b28                bt_gatt_foreach_attr_type
 .text.db_hash_gen
                0x00008bdc       0xe0 zephyr/subsys/bluetooth/host/libsubsys__bluetooth__host.a(gatt.c.obj)
 .text.db_hash_read
                0x00008cbc       0x64 zephyr/subsys/bluetooth/host/libsubsys__bluetooth__host.a(gatt.c.obj)
 .text.db_hash_process
                0x00008d20       0x14 zephyr/subsys/bluetooth/host/libsubsys__bluetooth__host.a(gatt.c.obj)
 .text.bt_gatt_attr_next
                0x00008d34       0x24 zephyr/subsys/bluetooth/host/libsubsys__bluetooth__host.a(gatt.c.obj)
                0x00008d34                bt_gatt_attr_next
 .text.bt_gatt_is_subscribed
                0x00008d58      0x17c zephyr/subsys/bluetooth/host/libsubsys__bluetooth__host.a(gatt.c.obj)
                0x00008d58                bt_gatt_is_subscribed
 .text.gatt_indicate
                0x00008ed4       0xa0 zephyr/subsys/bluetooth/host/libsubsys__bluetooth__host.a(gatt.c.obj)
 .text.bt_gatt_indicate
                0x00008f74       0xf0 zephyr/subsys/bluetooth/host/libsubsys__bluetooth__host.a(gatt.c.obj)
                0x00008f74                bt_gatt_indicate
 .text.sc_process
                0x00009064       0x60 zephyr/subsys/bluetooth/host/libsubsys__bluetooth__host.a(gatt.c.obj)
 .text.update_ccc
                0x000090c4       0xe8 zephyr/subsys/bluetooth/host/libsubsys__bluetooth__host.a(gatt.c.obj)
 .text.notify_cb
                0x000091ac       0xec zephyr/subsys/bluetooth/host/libsubsys__bluetooth__host.a(gatt.c.obj)
 .text.bt_gatt_connected
                0x00009298       0x20 zephyr/subsys/bluetooth/host/libsubsys__bluetooth__host.a(gatt.c.obj)
                0x00009298                bt_gatt_connected
 .text.bt_gatt_att_max_mtu_changed
                0x000092b8       0x40 zephyr/subsys/bluetooth/host/libsubsys__bluetooth__host.a(gatt.c.obj)
                0x000092b8                bt_gatt_att_max_mtu_changed
 .text.bt_gatt_disconnected
                0x000092f8       0x48 zephyr/subsys/bluetooth/host/libsubsys__bluetooth__host.a(gatt.c.obj)
                0x000092f8                bt_gatt_disconnected
 .text.gatt_gap_svc_validate
                0x00009340       0x40 zephyr/subsys/bluetooth/host/libsubsys__bluetooth__host.a(gatt_gap_svc_validate.c.obj)
                0x00009340                gatt_gap_svc_validate
 .text.bt_smp_accept.part.0
                0x00009380       0x30 zephyr/subsys/bluetooth/host/libsubsys__bluetooth__host.a(smp_null.c.obj)
 .text.bt_smp_accept
                0x000093b0       0x24 zephyr/subsys/bluetooth/host/libsubsys__bluetooth__host.a(smp_null.c.obj)
 .text.bt_ipc_send
                0x000093d4       0x4c zephyr/drivers/bluetooth/libdrivers__bluetooth.a(ipc.c.obj)
 .text.hci_ept_recv
                0x00009420      0x218 zephyr/drivers/bluetooth/libdrivers__bluetooth.a(ipc.c.obj)
 .text.bt_ipc_open
                0x00009638       0x7c zephyr/drivers/bluetooth/libdrivers__bluetooth.a(ipc.c.obj)
 .text.bt_ipc_close
                0x000096b4       0x50 zephyr/drivers/bluetooth/libdrivers__bluetooth.a(ipc.c.obj)
 .text.bt_hci_transport_setup
                0x00009704       0x18 zephyr/drivers/bluetooth/libdrivers__bluetooth.a(nrf53_support.c.obj)
                0x00009704                bt_hci_transport_setup
 .text.onoff_stop
                0x0000971c       0x30 zephyr/drivers/clock_control/libdrivers__clock_control.a(clock_control_nrf.c.obj)
 .text.onoff_start
                0x0000974c       0x44 zephyr/drivers/clock_control/libdrivers__clock_control.a(clock_control_nrf.c.obj)
 .text.clk_init
                0x00009790       0x60 zephyr/drivers/clock_control/libdrivers__clock_control.a(clock_control_nrf.c.obj)
 .text.api_blocking_start
                0x000097f0       0x30 zephyr/drivers/clock_control/libdrivers__clock_control.a(clock_control_nrf.c.obj)
 .text.generic_hfclk_stop
                0x00009820       0x34 zephyr/drivers/clock_control/libdrivers__clock_control.a(clock_control_nrf.c.obj)
 .text.clkstarted_handle.constprop.0
                0x00009854       0x4c zephyr/drivers/clock_control/libdrivers__clock_control.a(clock_control_nrf.c.obj)
 .text.generic_hfclk_start
                0x000098a0       0x78 zephyr/drivers/clock_control/libdrivers__clock_control.a(clock_control_nrf.c.obj)
 .text.clock_event_handler
                0x00009918       0x34 zephyr/drivers/clock_control/libdrivers__clock_control.a(clock_control_nrf.c.obj)
 .text.z_nrf_clock_control_lf_on
                0x0000994c       0xfc zephyr/drivers/clock_control/libdrivers__clock_control.a(clock_control_nrf.c.obj)
                0x0000994c                z_nrf_clock_control_lf_on
 .text.uart_console_init
                0x00009a48       0x28 zephyr/drivers/console/libdrivers__console.a(uart_console.c.obj)
 .text.console_out
                0x00009a70       0x28 zephyr/drivers/console/libdrivers__console.a(uart_console.c.obj)
 .text.gpio_nrfx_pin_configure
                0x00009a98      0x180 zephyr/drivers/gpio/libdrivers__gpio.a(gpio_nrfx.c.obj)
 .text.nrfx_gpio_handler
                0x00009c18       0x4c zephyr/drivers/gpio/libdrivers__gpio.a(gpio_nrfx.c.obj)
 .text.gpio_nrfx_init
                0x00009c64       0x3c zephyr/drivers/gpio/libdrivers__gpio.a(gpio_nrfx.c.obj)
 .text.gpio_nrfx_pin_interrupt_configure
                0x00009ca0      0x108 zephyr/drivers/gpio/libdrivers__gpio.a(gpio_nrfx.c.obj)
 .text.mbox_nrf_init
                0x00009da8       0x9c zephyr/drivers/mbox/libdrivers__mbox.a(mbox_nrfx_ipc.c.obj)
 .text.mbox_nrf_set_enabled
                0x00009e44       0x94 zephyr/drivers/mbox/libdrivers__mbox.a(mbox_nrfx_ipc.c.obj)
 .text.mbox_nrf_send
                0x00009ed8       0x44 zephyr/drivers/mbox/libdrivers__mbox.a(mbox_nrfx_ipc.c.obj)
 .text.mbox_dispatcher
                0x00009f1c       0x60 zephyr/drivers/mbox/libdrivers__mbox.a(mbox_nrfx_ipc.c.obj)
 .text.nrf_gpio_pin_port_decode
                0x00009f7c       0x24 zephyr/drivers/pinctrl/libdrivers__pinctrl.a(pinctrl_nrf.c.obj)
 .text.pinctrl_configure_pins
                0x00009fa0      0x1a4 zephyr/drivers/pinctrl/libdrivers__pinctrl.a(pinctrl_nrf.c.obj)
                0x00009fa0                pinctrl_configure_pins
 .text.uarte_nrfx_poll_out
                0x0000a144       0xb8 zephyr/drivers/serial/libdrivers__serial.a(uart_nrfx_uarte.c.obj)
 .text.uarte_0_init
                0x0000a1fc       0xfc zephyr/drivers/serial/libdrivers__serial.a(uart_nrfx_uarte.c.obj)
 .text.compare_int_lock
                0x0000a2f8       0x44 zephyr/drivers/timer/libdrivers__timer.a(nrf_rtc_timer.c.obj)
 .text.sys_clock_timeout_handler
                0x0000a33c       0x58 zephyr/drivers/timer/libdrivers__timer.a(nrf_rtc_timer.c.obj)
 .text.compare_int_unlock
                0x0000a394       0x4c zephyr/drivers/timer/libdrivers__timer.a(nrf_rtc_timer.c.obj)
 .text.z_nrf_rtc_timer_read
                0x0000a3e0       0x44 zephyr/drivers/timer/libdrivers__timer.a(nrf_rtc_timer.c.obj)
                0x0000a3e0                z_nrf_rtc_timer_read
 .text.compare_set
                0x0000a424      0x124 zephyr/drivers/timer/libdrivers__timer.a(nrf_rtc_timer.c.obj)
 .text.sys_clock_driver_init
                0x0000a548       0x90 zephyr/drivers/timer/libdrivers__timer.a(nrf_rtc_timer.c.obj)
 .text.rtc_nrf_isr
                0x0000a5d8       0xcc zephyr/drivers/timer/libdrivers__timer.a(nrf_rtc_timer.c.obj)
                0x0000a5d8                rtc_nrf_isr
 .text.sys_clock_set_timeout
                0x0000a6a4       0x5c zephyr/drivers/timer/libdrivers__timer.a(nrf_rtc_timer.c.obj)
                0x0000a6a4                sys_clock_set_timeout
 .text.sys_clock_elapsed
                0x0000a700       0x14 zephyr/drivers/timer/libdrivers__timer.a(nrf_rtc_timer.c.obj)
                0x0000a700                sys_clock_elapsed
 .text._heap_init
                0x0000a714       0x10 modules/nrf/subsys/nrf_security/src/zephyr/libmbedtls_zephyr.a(mbedtls_heap.c.obj)
                0x0000a714                _heap_init
 .text.hw_cc3xx_init
                0x0000a724       0x64 modules/nrf/drivers/hw_cc3xx/lib..__nrf__drivers__hw_cc3xx.a(hw_cc3xx.c.obj)
 .text.SystemInit
                0x0000a788      0x1b0 modules/hal_nordic/modules/hal_nordic/nrfx/libnrfx.a(system_nrf5340_application.c.obj)
                0x0000a788                SystemInit
 .text.nrfx_gppi_init
                0x0000a938        0xc modules/hal_nordic/modules/hal_nordic/nrfx/libnrfx.a(nrfx_gppi_dppi.c.obj)
                0x0000a938                nrfx_gppi_init
 .text.nrfx_gppi_domain_conn_alloc
                0x0000a944       0x1c modules/hal_nordic/modules/hal_nordic/nrfx/libnrfx.a(nrfx_gppi_dppi.c.obj)
                0x0000a944                nrfx_gppi_domain_conn_alloc
 .text.nrfx_gppi_conn_enable
                0x0000a960       0x10 modules/hal_nordic/modules/hal_nordic/nrfx/libnrfx.a(nrfx_gppi_dppi.c.obj)
                0x0000a960                nrfx_gppi_conn_enable
 .text.hfclk_event_handler
                0x0000a970        0xc modules/hal_nordic/modules/hal_nordic/nrfx/libnrfx.a(nrfx_clock.c.obj)
 .text.lfclk_event_handler
                0x0000a97c        0xc modules/hal_nordic/modules/hal_nordic/nrfx/libnrfx.a(nrfx_clock.c.obj)
 .text.hfclk192m_event_handler
                0x0000a988        0xc modules/hal_nordic/modules/hal_nordic/nrfx/libnrfx.a(nrfx_clock.c.obj)
 .text.hfclkaudio_event_handler
                0x0000a994        0xc modules/hal_nordic/modules/hal_nordic/nrfx/libnrfx.a(nrfx_clock.c.obj)
 .text.nrfx_clock_init
                0x0000a9a0       0x68 modules/hal_nordic/modules/hal_nordic/nrfx/libnrfx.a(nrfx_clock.c.obj)
                0x0000a9a0                nrfx_clock_init
 .text.nrfx_clock_enable
                0x0000aa08       0x20 modules/hal_nordic/modules/hal_nordic/nrfx/libnrfx.a(nrfx_clock.c.obj)
                0x0000aa08                nrfx_clock_enable
 .text.nrfx_clock_hfclk_init
                0x0000aa28       0x24 modules/hal_nordic/modules/hal_nordic/nrfx/libnrfx.a(nrfx_clock_hfclk.c.obj)
                0x0000aa28                nrfx_clock_hfclk_init
 .text.nrfx_clock_hfclk_start
                0x0000aa4c       0x38 modules/hal_nordic/modules/hal_nordic/nrfx/libnrfx.a(nrfx_clock_hfclk.c.obj)
                0x0000aa4c                nrfx_clock_hfclk_start
 .text.nrfx_clock_hfclk_irq_handler
                0x0000aa84       0x30 modules/hal_nordic/modules/hal_nordic/nrfx/libnrfx.a(nrfx_clock_hfclk.c.obj)
                0x0000aa84                nrfx_clock_hfclk_irq_handler
 .text.nrfx_clock_hfclkaudio_init
                0x0000aab4       0x1c modules/hal_nordic/modules/hal_nordic/nrfx/libnrfx.a(nrfx_clock_hfclkaudio.c.obj)
                0x0000aab4                nrfx_clock_hfclkaudio_init
 .text.nrfx_clock_hfclkaudio_start
                0x0000aad0       0x3c modules/hal_nordic/modules/hal_nordic/nrfx/libnrfx.a(nrfx_clock_hfclkaudio.c.obj)
                0x0000aad0                nrfx_clock_hfclkaudio_start
 .text.nrfx_clock_hfclkaudio_irq_handler
                0x0000ab0c       0x30 modules/hal_nordic/modules/hal_nordic/nrfx/libnrfx.a(nrfx_clock_hfclkaudio.c.obj)
                0x0000ab0c                nrfx_clock_hfclkaudio_irq_handler
 .text.nrfx_clock_hfclk192m_init
                0x0000ab3c       0x24 modules/hal_nordic/modules/hal_nordic/nrfx/libnrfx.a(nrfx_clock_hfclk192m.c.obj)
                0x0000ab3c                nrfx_clock_hfclk192m_init
 .text.nrfx_clock_hfclk192m_start
                0x0000ab60       0x3c modules/hal_nordic/modules/hal_nordic/nrfx/libnrfx.a(nrfx_clock_hfclk192m.c.obj)
                0x0000ab60                nrfx_clock_hfclk192m_start
 .text.nrfx_clock_hfclk192m_irq_handler
                0x0000ab9c       0x30 modules/hal_nordic/modules/hal_nordic/nrfx/libnrfx.a(nrfx_clock_hfclk192m.c.obj)
                0x0000ab9c                nrfx_clock_hfclk192m_irq_handler
 .text.nrfx_clock_lfclk_init
                0x0000abcc       0x24 modules/hal_nordic/modules/hal_nordic/nrfx/libnrfx.a(nrfx_clock_lfclk.c.obj)
                0x0000abcc                nrfx_clock_lfclk_init
 .text.nrfx_clock_lfclk_start
                0x0000abf0       0x88 modules/hal_nordic/modules/hal_nordic/nrfx/libnrfx.a(nrfx_clock_lfclk.c.obj)
                0x0000abf0                nrfx_clock_lfclk_start
 .text.nrfx_clock_lfclk_irq_handler
                0x0000ac78       0x74 modules/hal_nordic/modules/hal_nordic/nrfx/libnrfx.a(nrfx_clock_lfclk.c.obj)
                0x0000ac78                nrfx_clock_lfclk_irq_handler
 .text.nrf_gpio_pin_port_decode
                0x0000acec       0x24 modules/hal_nordic/modules/hal_nordic/nrfx/libnrfx.a(nrfx_gpiote.c.obj)
 .text.get_pin_idx
                0x0000ad10       0x14 modules/hal_nordic/modules/hal_nordic/nrfx/libnrfx.a(nrfx_gpiote.c.obj)
 .text.latch_pending_read_and_check
                0x0000ad24       0x38 modules/hal_nordic/modules/hal_nordic/nrfx/libnrfx.a(nrfx_gpiote.c.obj)
 .text.pin_uninit
                0x0000ad5c       0x78 modules/hal_nordic/modules/hal_nordic/nrfx/libnrfx.a(nrfx_gpiote.c.obj)
 .text.nrfx_gpiote_init
                0x0000add4       0x64 modules/hal_nordic/modules/hal_nordic/nrfx/libnrfx.a(nrfx_gpiote.c.obj)
                0x0000add4                nrfx_gpiote_init
 .text.nrfx_gpiote_channel_free
                0x0000ae38       0x14 modules/hal_nordic/modules/hal_nordic/nrfx/libnrfx.a(nrfx_gpiote.c.obj)
                0x0000ae38                nrfx_gpiote_channel_free
 .text.nrfx_gpiote_channel_alloc
                0x0000ae4c       0x20 modules/hal_nordic/modules/hal_nordic/nrfx/libnrfx.a(nrfx_gpiote.c.obj)
                0x0000ae4c                nrfx_gpiote_channel_alloc
 .text.nrfx_gpiote_irq_handler
                0x0000ae6c      0x1c8 modules/hal_nordic/modules/hal_nordic/nrfx/libnrfx.a(nrfx_gpiote.c.obj)
                0x0000ae6c                nrfx_gpiote_irq_handler
 .text.nrfx_ipc_init
                0x0000b034       0x28 modules/hal_nordic/modules/hal_nordic/nrfx/libnrfx.a(nrfx_ipc.c.obj)
                0x0000b034                nrfx_ipc_init
 .text.nrfx_ipc_config_load
                0x0000b05c       0x40 modules/hal_nordic/modules/hal_nordic/nrfx/libnrfx.a(nrfx_ipc.c.obj)
                0x0000b05c                nrfx_ipc_config_load
 .text.nrfx_ipc_receive_event_enable
                0x0000b09c       0x10 modules/hal_nordic/modules/hal_nordic/nrfx/libnrfx.a(nrfx_ipc.c.obj)
                0x0000b09c                nrfx_ipc_receive_event_enable
 .text.nrfx_ipc_receive_event_disable
                0x0000b0ac       0x10 modules/hal_nordic/modules/hal_nordic/nrfx/libnrfx.a(nrfx_ipc.c.obj)
                0x0000b0ac                nrfx_ipc_receive_event_disable
 .text.nrfx_ipc_irq_handler
                0x0000b0bc       0x40 modules/hal_nordic/modules/hal_nordic/nrfx/libnrfx.a(nrfx_ipc.c.obj)
                0x0000b0bc                nrfx_ipc_irq_handler
 .text.metal_generic_dev_open
                0x0000b0fc       0x40 modules/libmetal/libmetal/lib/libmetal.a(device.c.obj)
                0x0000b0fc                metal_generic_dev_open
 .text.metal_bus_unregister
                0x0000b13c       0x3c modules/libmetal/libmetal/lib/libmetal.a(device.c.obj)
                0x0000b13c                metal_bus_unregister
 .text.metal_bus_find
                0x0000b178       0x3c modules/libmetal/libmetal/lib/libmetal.a(device.c.obj)
                0x0000b178                metal_bus_find
 .text.metal_bus_register
                0x0000b1b4       0x5c modules/libmetal/libmetal/lib/libmetal.a(device.c.obj)
                0x0000b1b4                metal_bus_register
 .text.metal_init
                0x0000b210       0x50 modules/libmetal/libmetal/lib/libmetal.a(init.c.obj)
                0x0000b210                metal_init
 .text.metal_finish
                0x0000b260       0x24 modules/libmetal/libmetal/lib/libmetal.a(init.c.obj)
                0x0000b260                metal_finish
 .text.metal_sys_init
                0x0000b284       0x10 modules/libmetal/libmetal/lib/libmetal.a(init.c.obj)
                0x0000b284                metal_sys_init
 .text.metal_sys_finish
                0x0000b294        0xc modules/libmetal/libmetal/lib/libmetal.a(init.c.obj)
                0x0000b294                metal_sys_finish
 .text.metal_zephyr_log_handler
                0x0000b2a0       0x3c modules/libmetal/libmetal/lib/libmetal.a(log.c.obj)
                0x0000b2a0                metal_zephyr_log_handler
 .text.virtio_create_virtqueues
                0x0000b2dc       0xbc modules/open-amp/open-amp/lib/libopen_amp.a(virtio.c.obj)
                0x0000b2dc                virtio_create_virtqueues
 .text.virtqueue_free
                0x0000b398       0x38 modules/open-amp/open-amp/lib/libopen_amp.a(virtqueue.c.obj)
                0x0000b398                virtqueue_free
 .text.virtqueue_add_consumed_buffer
                0x0000b3d0       0x38 modules/open-amp/open-amp/lib/libopen_amp.a(virtqueue.c.obj)
                0x0000b3d0                virtqueue_add_consumed_buffer
 .text.rpmsg_send_offchannel_raw
                0x0000b408       0x2c modules/open-amp/open-amp/lib/libopen_amp.a(rpmsg.c.obj)
                0x0000b408                rpmsg_send_offchannel_raw
 .text.rpmsg_send_offchannel_nocopy
                0x0000b434       0x2c modules/open-amp/open-amp/lib/libopen_amp.a(rpmsg.c.obj)
                0x0000b434                rpmsg_send_offchannel_nocopy
 .text.rpmsg_create_ept
                0x0000b460      0x114 modules/open-amp/open-amp/lib/libopen_amp.a(rpmsg.c.obj)
                0x0000b460                rpmsg_create_ept
 .text.rpmsg_virtio_buf_held_dec_test
                0x0000b574       0x38 modules/open-amp/open-amp/lib/libopen_amp.a(rpmsg_virtio.c.obj)
 .text.rpmsg_virtio_get_tx_buffer_size
                0x0000b5ac       0x50 modules/open-amp/open-amp/lib/libopen_amp.a(rpmsg_virtio.c.obj)
                0x0000b5ac                rpmsg_virtio_get_tx_buffer_size
 .text.rpmsg_virtio_get_rx_buffer_size
                0x0000b5fc       0x50 modules/open-amp/open-amp/lib/libopen_amp.a(rpmsg_virtio.c.obj)
                0x0000b5fc                rpmsg_virtio_get_rx_buffer_size
 .text.rpmsg_virtio_send_offchannel_raw
                0x0000b64c       0x5c modules/open-amp/open-amp/lib/libopen_amp.a(rpmsg_virtio.c.obj)
 .text.rpmsg_init_vdev_with_config
                0x0000b6a8      0x2a8 modules/open-amp/open-amp/lib/libopen_amp.a(rpmsg_virtio.c.obj)
                0x0000b6a8                rpmsg_init_vdev_with_config
 .text.rpmsg_init_vdev
                0x0000b950       0x2c modules/open-amp/open-amp/lib/libopen_amp.a(rpmsg_virtio.c.obj)
                0x0000b950                rpmsg_init_vdev
 .text.k_sys_fatal_error_handler
                0x0000b97c       0x20 zephyr/kernel/libkernel.a(fatal.c.obj)
                0x0000b97c                k_sys_fatal_error_handler
 .text.z_fatal_error
                0x0000b99c       0xec zephyr/kernel/libkernel.a(fatal.c.obj)
                0x0000b99c                z_fatal_error
 .text.z_sys_init_run_level
                0x0000ba88       0x30 zephyr/kernel/libkernel.a(init.c.obj)
 .text.bg_thread_main
                0x0000bab8       0xc4 zephyr/kernel/libkernel.a(init.c.obj)
 .text.z_init_cpu
                0x0000bb7c       0x70 zephyr/kernel/libkernel.a(init.c.obj)
                0x0000bb7c                z_init_cpu
 .text.z_cstart
                0x0000bbec       0xd4 zephyr/kernel/libkernel.a(init.c.obj)
                0x0000bbec                z_cstart
 .text.statics_init
                0x0000bcc0       0x24 zephyr/kernel/libkernel.a(kheap.c.obj)
 .text.init_mem_slab_obj_core_list
                0x0000bce4       0x28 zephyr/kernel/libkernel.a(mem_slab.c.obj)
 .text.k_mem_slab_alloc
                0x0000bd0c       0x5c zephyr/kernel/libkernel.a(mem_slab.c.obj)
                0x0000bd0c                k_mem_slab_alloc
 .text.z_impl_k_mutex_lock
                0x0000bd68       0xe4 zephyr/kernel/libkernel.a(mutex.c.obj)
                0x0000bd68                z_impl_k_mutex_lock
 .text.z_impl_k_mutex_unlock
                0x0000be4c       0xa0 zephyr/kernel/libkernel.a(mutex.c.obj)
                0x0000be4c                z_impl_k_mutex_unlock
 .text.z_impl_k_queue_get
                0x0000beec       0x64 zephyr/kernel/libkernel.a(queue.c.obj)
                0x0000beec                z_impl_k_queue_get
 .text.z_impl_k_sem_give
                0x0000bf50       0x68 zephyr/kernel/libkernel.a(sem.c.obj)
                0x0000bf50                z_impl_k_sem_give
 .text.z_impl_k_sem_take
                0x0000bfb8       0x4c zephyr/kernel/libkernel.a(sem.c.obj)
                0x0000bfb8                z_impl_k_sem_take
 .text.k_sys_work_q_init
                0x0000c004       0x2c zephyr/kernel/libkernel.a(system_work_q.c.obj)
 .text.work_queue_main
                0x0000c030      0x160 zephyr/kernel/libkernel.a(work.c.obj)
 .text.cancel_sync_locked
                0x0000c190       0x3c zephyr/kernel/libkernel.a(work.c.obj)
 .text.submit_to_queue_locked
                0x0000c1cc       0xa4 zephyr/kernel/libkernel.a(work.c.obj)
 .text.work_flush_locked
                0x0000c270       0x78 zephyr/kernel/libkernel.a(work.c.obj)
 .text.k_work_submit
                0x0000c2e8        0xc zephyr/kernel/libkernel.a(work.c.obj)
                0x0000c2e8                k_work_submit
 .text.k_work_queue_start
                0x0000c2f4       0x80 zephyr/kernel/libkernel.a(work.c.obj)
                0x0000c2f4                k_work_queue_start
 .text.k_work_queue_drain
                0x0000c374       0x6c zephyr/kernel/libkernel.a(work.c.obj)
                0x0000c374                k_work_queue_drain
 .text.k_work_schedule_for_queue
                0x0000c3e0       0x54 zephyr/kernel/libkernel.a(work.c.obj)
                0x0000c3e0                k_work_schedule_for_queue
 .text.k_work_schedule
                0x0000c434        0xc zephyr/kernel/libkernel.a(work.c.obj)
                0x0000c434                k_work_schedule
 .text.k_work_reschedule_for_queue
                0x0000c440       0x5c zephyr/kernel/libkernel.a(work.c.obj)
                0x0000c440                k_work_reschedule_for_queue
 .text.k_work_reschedule
                0x0000c49c        0xc zephyr/kernel/libkernel.a(work.c.obj)
                0x0000c49c                k_work_reschedule
 .text.z_impl_k_thread_name_set
                0x0000c4a8       0x20 zephyr/kernel/libkernel.a(thread.c.obj)
                0x0000c4a8                z_impl_k_thread_name_set
 .text.z_setup_new_thread
                0x0000c4c8       0xcc zephyr/kernel/libkernel.a(thread.c.obj)
                0x0000c4c8                z_setup_new_thread
 .text.z_impl_k_thread_create
                0x0000c594       0x58 zephyr/kernel/libkernel.a(thread.c.obj)
                0x0000c594                z_impl_k_thread_create
 .text.z_dummy_thread_init
                0x0000c5ec       0x20 zephyr/kernel/libkernel.a(thread.c.obj)
                0x0000c5ec                z_dummy_thread_init
 .text.z_swap_irqlock
                0x0000c60c       0x34 zephyr/kernel/libkernel.a(sched.c.obj)
 .text.ready_thread
                0x0000c640       0x80 zephyr/kernel/libkernel.a(sched.c.obj)
 .text.unready_thread
                0x0000c6c0       0x54 zephyr/kernel/libkernel.a(sched.c.obj)
 .text.add_thread_timeout
                0x0000c714       0x1c zephyr/kernel/libkernel.a(sched.c.obj)
 .text.reschedule.isra.0
                0x0000c730       0x28 zephyr/kernel/libkernel.a(sched.c.obj)
 .text.move_current_to_end_of_prio_q
                0x0000c758       0x6c zephyr/kernel/libkernel.a(sched.c.obj)
                0x0000c758                move_current_to_end_of_prio_q
 .text.z_pend_curr
                0x0000c7c4       0x44 zephyr/kernel/libkernel.a(sched.c.obj)
                0x0000c7c4                z_pend_curr
 .text.z_thread_prio_set
                0x0000c808       0xd8 zephyr/kernel/libkernel.a(sched.c.obj)
                0x0000c808                z_thread_prio_set
 .text.z_reschedule_irqlock
                0x0000c8e0       0x28 zephyr/kernel/libkernel.a(sched.c.obj)
                0x0000c8e0                z_reschedule_irqlock
 .text.k_sched_lock
                0x0000c908       0x28 zephyr/kernel/libkernel.a(sched.c.obj)
                0x0000c908                k_sched_lock
 .text.k_sched_unlock
                0x0000c930       0x54 zephyr/kernel/libkernel.a(sched.c.obj)
                0x0000c930                k_sched_unlock
 .text.z_sched_init
                0x0000c984       0x10 zephyr/kernel/libkernel.a(sched.c.obj)
                0x0000c984                z_sched_init
 .text.z_impl_k_yield
                0x0000c994       0x84 zephyr/kernel/libkernel.a(sched.c.obj)
                0x0000c994                z_impl_k_yield
 .text.z_tick_sleep
                0x0000ca18       0x78 zephyr/kernel/libkernel.a(sched.c.obj)
 .text.z_impl_k_sched_current_thread_query
                0x0000ca90        0xc zephyr/kernel/libkernel.a(sched.c.obj)
                0x0000ca90                z_impl_k_sched_current_thread_query
 .text.z_thread_abort
                0x0000ca9c      0x144 zephyr/kernel/libkernel.a(sched.c.obj)
                0x0000ca9c                z_thread_abort
 .text.z_sched_wait
                0x0000cbe0       0x24 zephyr/kernel/libkernel.a(sched.c.obj)
                0x0000cbe0                z_sched_wait
 .text.z_time_slice_size
                0x0000cc04       0x40 zephyr/kernel/libkernel.a(timeslicing.c.obj)
 .text.slice_timeout
                0x0000cc44       0x20 zephyr/kernel/libkernel.a(timeslicing.c.obj)
 .text.z_reset_time_slice
                0x0000cc64       0x44 zephyr/kernel/libkernel.a(timeslicing.c.obj)
                0x0000cc64                z_reset_time_slice
 .text.z_time_slice
                0x0000cca8       0x5c zephyr/kernel/libkernel.a(timeslicing.c.obj)
                0x0000cca8                z_time_slice
 .text.z_thread_monitor_exit
                0x0000cd04       0x3c zephyr/kernel/libkernel.a(thread_monitor.c.obj)
                0x0000cd04                z_thread_monitor_exit
 .text.first    0x0000cd40       0x10 zephyr/kernel/libkernel.a(timeout.c.obj)
 .text.elapsed  0x0000cd50       0x14 zephyr/kernel/libkernel.a(timeout.c.obj)
 .text.remove_timeout
                0x0000cd64       0x38 zephyr/kernel/libkernel.a(timeout.c.obj)
 .text.z_add_timeout
                0x0000cd9c      0x120 zephyr/kernel/libkernel.a(timeout.c.obj)
                0x0000cd9c                z_add_timeout
 .text.sys_clock_announce_locked
                0x0000cebc       0xb8 zephyr/kernel/libkernel.a(timeout.c.obj)
                0x0000cebc                sys_clock_announce_locked
 .text.sys_clock_tick_get
                0x0000cf74       0x30 zephyr/kernel/libkernel.a(timeout.c.obj)
                0x0000cf74                sys_clock_tick_get
 .text.z_timer_expiration_handler
                0x0000cfa4      0x10c zephyr/kernel/libkernel.a(timer.c.obj)
                0x0000cfa4                z_timer_expiration_handler
 .text.z_impl_k_timer_start
                0x0000d0b0       0x70 zephyr/kernel/libkernel.a(timer.c.obj)
                0x0000d0b0                z_impl_k_timer_start
 .text.z_impl_k_timer_stop
                0x0000d120       0x60 zephyr/kernel/libkernel.a(timer.c.obj)
                0x0000d120                z_impl_k_timer_stop
 .text.z_thread_alloc_helper
                0x0000d180       0x38 zephyr/kernel/libkernel.a(mempool.c.obj)
 .text.k_malloc
                0x0000d1b8       0x14 zephyr/kernel/libkernel.a(mempool.c.obj)
                0x0000d1b8                k_malloc
 .text.k_thread_system_pool_assign
                0x0000d1cc        0xc zephyr/kernel/libkernel.a(mempool.c.obj)
                0x0000d1cc                k_thread_system_pool_assign
 .text.z_thread_malloc
                0x0000d1d8       0x10 zephyr/kernel/libkernel.a(mempool.c.obj)
                0x0000d1d8                z_thread_malloc
 .text.verify_header
                0x0000d1e8       0x40 modules/nrf/subsys/nrf_security/src/libmbedcrypto.a(memory_buffer_alloc.c.obj)
 .text.verify_chain
                0x0000d228       0x40 modules/nrf/subsys/nrf_security/src/libmbedcrypto.a(memory_buffer_alloc.c.obj)
 .text.buffer_alloc_calloc_mutexed
                0x0000d268      0x114 modules/nrf/subsys/nrf_security/src/libmbedcrypto.a(memory_buffer_alloc.c.obj)
 .text.buffer_alloc_free_mutexed
                0x0000d37c      0x110 modules/nrf/subsys/nrf_security/src/libmbedcrypto.a(memory_buffer_alloc.c.obj)
 .text.mbedtls_memory_buffer_alloc_init
                0x0000d48c       0x74 modules/nrf/subsys/nrf_security/src/libmbedcrypto.a(memory_buffer_alloc.c.obj)
                0x0000d48c                mbedtls_memory_buffer_alloc_init
 .text.mbedtls_mutex_init
                0x0000d500       0x10 modules/nrf/subsys/nrf_security/src/core/nrf_oberon/libpsa_core.a(threading_alt.c.obj)
                0x0000d500                mbedtls_mutex_init
 .text.mbedtls_mutex_lock
                0x0000d510       0x14 modules/nrf/subsys/nrf_security/src/core/nrf_oberon/libpsa_core.a(threading_alt.c.obj)
                0x0000d510                mbedtls_mutex_lock
 .text.mbedtls_mutex_unlock
                0x0000d524       0x14 modules/nrf/subsys/nrf_security/src/core/nrf_oberon/libpsa_core.a(threading_alt.c.obj)
                0x0000d524                mbedtls_mutex_unlock
 .text.mbedtls_calloc
                0x0000d538        0xc modules/nrf/subsys/nrf_security/src/core/nrf_oberon/libpsa_core.a(platform.c.obj)
                0x0000d538                mbedtls_calloc
 .text.mbedtls_free
                0x0000d544        0xc modules/nrf/subsys/nrf_security/src/core/nrf_oberon/libpsa_core.a(platform.c.obj)
                0x0000d544                mbedtls_free
 .text.mbedtls_platform_set_calloc_free
                0x0000d550       0x14 modules/nrf/subsys/nrf_security/src/core/nrf_oberon/libpsa_core.a(platform.c.obj)
                0x0000d550                mbedtls_platform_set_calloc_free
 .text.mbedtls_platform_zeroize
                0x0000d564       0x18 modules/nrf/subsys/nrf_security/src/core/nrf_oberon/libpsa_core.a(platform_util.c.obj)
                0x0000d564                mbedtls_platform_zeroize
 .text.psa_mac_key_can_do
                0x0000d57c       0x40 modules/nrf/subsys/nrf_security/src/core/nrf_oberon/libpsa_core.a(psa_crypto.c.obj)
 .text.psa_key_algorithm_permits
                0x0000d5bc      0x264 modules/nrf/subsys/nrf_security/src/core/nrf_oberon/libpsa_core.a(psa_crypto.c.obj)
 .text.psa_finish_key_creation
                0x0000d820       0x48 modules/nrf/subsys/nrf_security/src/core/nrf_oberon/libpsa_core.a(psa_crypto.c.obj)
 .text.psa_get_initialized
                0x0000d868       0x40 modules/nrf/subsys/nrf_security/src/core/nrf_oberon/libpsa_core.a(psa_crypto.c.obj)
 .text.psa_get_and_lock_key_slot_with_policy
                0x0000d8a8       0xf8 modules/nrf/subsys/nrf_security/src/core/nrf_oberon/libpsa_core.a(psa_crypto.c.obj)
 .text.psa_mac_finalize_alg_and_key_validation.isra.0
                0x0000d9a0       0xc4 modules/nrf/subsys/nrf_security/src/core/nrf_oberon/libpsa_core.a(psa_crypto.c.obj)
 .text.psa_start_key_creation
                0x0000da64       0xa4 modules/nrf/subsys/nrf_security/src/core/nrf_oberon/libpsa_core.a(psa_crypto.c.obj)
 .text.psa_fail_key_creation
                0x0000db08       0x24 modules/nrf/subsys/nrf_security/src/core/nrf_oberon/libpsa_core.a(psa_crypto.c.obj)
 .text.psa_destroy_key
                0x0000db2c       0x7c modules/nrf/subsys/nrf_security/src/core/nrf_oberon/libpsa_core.a(psa_crypto.c.obj)
                0x0000db2c                psa_destroy_key
 .text.psa_import_key
                0x0000dba8      0x174 modules/nrf/subsys/nrf_security/src/core/nrf_oberon/libpsa_core.a(psa_crypto.c.obj)
                0x0000dba8                psa_import_key
 .text.psa_generate_random
                0x0000dd1c       0x24 modules/nrf/subsys/nrf_security/src/core/nrf_oberon/libpsa_core.a(psa_crypto.c.obj)
                0x0000dd1c                psa_generate_random
 .text.mbedtls_psa_crypto_free
                0x0000dd40       0x80 modules/nrf/subsys/nrf_security/src/core/nrf_oberon/libpsa_core.a(psa_crypto.c.obj)
                0x0000dd40                mbedtls_psa_crypto_free
 .text.psa_crypto_init
                0x0000ddc0       0xf0 modules/nrf/subsys/nrf_security/src/core/nrf_oberon/libpsa_core.a(psa_crypto.c.obj)
                0x0000ddc0                psa_crypto_init
 .text.psa_get_and_lock_key_slot_in_memory
                0x0000deb0       0x88 modules/nrf/subsys/nrf_security/src/core/nrf_oberon/libpsa_core.a(psa_crypto_slot_management.c.obj)
 .text.psa_initialize_key_slots
                0x0000df38       0x10 modules/nrf/subsys/nrf_security/src/core/nrf_oberon/libpsa_core.a(psa_crypto_slot_management.c.obj)
                0x0000df38                psa_initialize_key_slots
 .text.psa_wipe_all_key_slots
                0x0000df48       0x34 modules/nrf/subsys/nrf_security/src/core/nrf_oberon/libpsa_core.a(psa_crypto_slot_management.c.obj)
                0x0000df48                psa_wipe_all_key_slots
 .text.psa_reserve_free_key_slot
                0x0000df7c       0xa0 modules/nrf/subsys/nrf_security/src/core/nrf_oberon/libpsa_core.a(psa_crypto_slot_management.c.obj)
                0x0000df7c                psa_reserve_free_key_slot
 .text.psa_get_and_lock_key_slot
                0x0000e01c       0x70 modules/nrf/subsys/nrf_security/src/core/nrf_oberon/libpsa_core.a(psa_crypto_slot_management.c.obj)
                0x0000e01c                psa_get_and_lock_key_slot
 .text.psa_unregister_read_under_mutex
                0x0000e08c       0x2c modules/nrf/subsys/nrf_security/src/core/nrf_oberon/libpsa_core.a(psa_crypto_slot_management.c.obj)
                0x0000e08c                psa_unregister_read_under_mutex
 .text.psa_driver_wrapper_mac_sign_setup
                0x0000e0b8       0x40 modules/nrf/subsys/nrf_security/src/core/nrf_oberon/libpsa_core.a(psa_crypto_driver_wrappers.c.obj)
                0x0000e0b8                psa_driver_wrapper_mac_sign_setup
 .text.psa_driver_wrapper_mac_verify_setup
                0x0000e0f8       0x40 modules/nrf/subsys/nrf_security/src/core/nrf_oberon/libpsa_core.a(psa_crypto_driver_wrappers.c.obj)
                0x0000e0f8                psa_driver_wrapper_mac_verify_setup
 .text.oberon_cmac_setup
                0x0000e138       0x4c modules/nrf/subsys/nrf_security/src/drivers/nrf_oberon/liboberon_psa_driver.a(oberon_mac.c.obj)
 .text.oberon_mac_sign_setup
                0x0000e184       0x68 modules/nrf/subsys/nrf_security/src/drivers/nrf_oberon/liboberon_psa_driver.a(oberon_mac.c.obj)
                0x0000e184                oberon_mac_sign_setup
 .text.oberon_cipher_encrypt_setup
                0x0000e1ec       0x58 modules/nrf/subsys/nrf_security/src/drivers/nrf_oberon/liboberon_psa_driver.a(oberon_cipher.c.obj)
                0x0000e1ec                oberon_cipher_encrypt_setup
 .text.oberon_cipher_update
                0x0000e244       0x4c modules/nrf/subsys/nrf_security/src/drivers/nrf_oberon/liboberon_psa_driver.a(oberon_cipher.c.obj)
                0x0000e244                oberon_cipher_update
 .text.ocrypto_aes_cbc_pkcs_init
                0x0000e290       0x40 D:/ncs/v3.4.0/nrfxlib/crypto/nrf_oberon/lib/cortex-m33/soft-float/liboberon_3.0.19.a(ocrypto_aes_cbc_pkcs.c.obj)
                0x0000e290                ocrypto_aes_cbc_pkcs_init
 .text.ocrypto_aes_cbc_pkcs_output_size
                0x0000e2d0       0x1c D:/ncs/v3.4.0/nrfxlib/crypto/nrf_oberon/lib/cortex-m33/soft-float/liboberon_3.0.19.a(ocrypto_aes_cbc_pkcs.c.obj)
                0x0000e2d0                ocrypto_aes_cbc_pkcs_output_size
 .text.ocrypto_aes_cbc_pkcs_update
                0x0000e2ec      0x210 D:/ncs/v3.4.0/nrfxlib/crypto/nrf_oberon/lib/cortex-m33/soft-float/liboberon_3.0.19.a(ocrypto_aes_cbc_pkcs.c.obj)
                0x0000e2ec                ocrypto_aes_cbc_pkcs_update
 .text.nrf_cc3xx_platform_init
                0x0000e4fc       0x44 D:/ncs/v3.4.0/nrfxlib/crypto/nrf_cc312_platform/lib/cortex-m33/soft-float/no-interrupts/libnrf_cc312_platform_0.9.22.a(nrf_cc3xx_platform.c.obj)
                0x0000e4fc                nrf_cc3xx_platform_init
 .text.nrf_cc3xx_platform_abort
                0x0000e540       0x24 D:/ncs/v3.4.0/nrfxlib/crypto/nrf_cc312_platform/lib/cortex-m33/soft-float/no-interrupts/libnrf_cc312_platform_0.9.22.a(nrf_cc3xx_platform_abort.c.obj)
 .text.CC_PalAbort
                0x0000e564       0x44 D:/ncs/v3.4.0/nrfxlib/crypto/nrf_cc312_platform/lib/cortex-m33/soft-float/no-interrupts/libnrf_cc312_platform_0.9.22.a(nrf_cc3xx_platform_abort.c.obj)
                0x0000e564                CC_PalAbort
 .text.nrf_cc3xx_platform_set_abort
                0x0000e5a8       0x10 D:/ncs/v3.4.0/nrfxlib/crypto/nrf_cc312_platform/lib/cortex-m33/soft-float/no-interrupts/libnrf_cc312_platform_0.9.22.a(nrf_cc3xx_platform_abort.c.obj)
                0x0000e5a8                nrf_cc3xx_platform_set_abort
 .text.ctr_drbg_reseed_internal
                0x0000e5b8       0x9c D:/ncs/v3.4.0/nrfxlib/crypto/nrf_cc312_platform/lib/cortex-m33/soft-float/no-interrupts/libnrf_cc312_platform_0.9.22.a(nrf_cc3xx_platform_ctr_drbg.c.obj)
 .text.nrf_cc3xx_platform_ctr_drbg_init
                0x0000e654      0x124 D:/ncs/v3.4.0/nrfxlib/crypto/nrf_cc312_platform/lib/cortex-m33/soft-float/no-interrupts/libnrf_cc312_platform_0.9.22.a(nrf_cc3xx_platform_ctr_drbg.c.obj)
                0x0000e654                nrf_cc3xx_platform_ctr_drbg_init
 .text.nrf_cc3xx_platform_ctr_drbg_get
                0x0000e778      0x1c4 D:/ncs/v3.4.0/nrfxlib/crypto/nrf_cc312_platform/lib/cortex-m33/soft-float/no-interrupts/libnrf_cc312_platform_0.9.22.a(nrf_cc3xx_platform_ctr_drbg.c.obj)
                0x0000e778                nrf_cc3xx_platform_ctr_drbg_get
 .text.nrf_cc3xx_platform_entropy_get
                0x0000e93c       0xb8 D:/ncs/v3.4.0/nrfxlib/crypto/nrf_cc312_platform/lib/cortex-m33/soft-float/no-interrupts/libnrf_cc312_platform_0.9.22.a(nrf_cc3xx_platform_entropy.c.obj)
                0x0000e93c                nrf_cc3xx_platform_entropy_get
 .text.mutex_free
                0x0000e9f4       0x34 D:/ncs/v3.4.0/nrfxlib/crypto/nrf_cc312_platform/lib/cortex-m33/soft-float/no-interrupts/libnrf_cc312_platform_0.9.22.a(nrf_cc3xx_platform_mutex.c.obj)
 .text.mutex_lock
                0x0000ea28       0x48 D:/ncs/v3.4.0/nrfxlib/crypto/nrf_cc312_platform/lib/cortex-m33/soft-float/no-interrupts/libnrf_cc312_platform_0.9.22.a(nrf_cc3xx_platform_mutex.c.obj)
 .text.mutex_unlock
                0x0000ea70       0x38 D:/ncs/v3.4.0/nrfxlib/crypto/nrf_cc312_platform/lib/cortex-m33/soft-float/no-interrupts/libnrf_cc312_platform_0.9.22.a(nrf_cc3xx_platform_mutex.c.obj)
 .text.mutex_init
                0x0000eaa8       0x20 D:/ncs/v3.4.0/nrfxlib/crypto/nrf_cc312_platform/lib/cortex-m33/soft-float/no-interrupts/libnrf_cc312_platform_0.9.22.a(nrf_cc3xx_platform_mutex.c.obj)
 .text.nrf_cc3xx_platform_set_mutexes
                0x0000eac8       0x78 D:/ncs/v3.4.0/nrfxlib/crypto/nrf_cc312_platform/lib/cortex-m33/soft-float/no-interrupts/libnrf_cc312_platform_0.9.22.a(nrf_cc3xx_platform_mutex.c.obj)
                0x0000eac8                nrf_cc3xx_platform_set_mutexes
 .text.cc3xx_drbg_ctr_update
                0x0000eb40      0x12c D:/ncs/v3.4.0/nrfxlib/crypto/nrf_cc312_platform/lib/cortex-m33/soft-float/no-interrupts/libnrf_cc312_platform_0.9.22.a(cc3xx_drbg_ctr.c.obj)
 .text.cc3xx_lowlevel_drbg_ctr_init
                0x0000ec6c       0xc8 D:/ncs/v3.4.0/nrfxlib/crypto/nrf_cc312_platform/lib/cortex-m33/soft-float/no-interrupts/libnrf_cc312_platform_0.9.22.a(cc3xx_drbg_ctr.c.obj)
                0x0000ec6c                cc3xx_lowlevel_drbg_ctr_init
 .text.cc3xx_lowlevel_drbg_ctr_generate
                0x0000ed34      0x1f4 D:/ncs/v3.4.0/nrfxlib/crypto/nrf_cc312_platform/lib/cortex-m33/soft-float/no-interrupts/libnrf_cc312_platform_0.9.22.a(cc3xx_drbg_ctr.c.obj)
                0x0000ed34                cc3xx_lowlevel_drbg_ctr_generate
 .text.cc3xx_lowlevel_drbg_ctr_reseed
                0x0000ef28       0xac D:/ncs/v3.4.0/nrfxlib/crypto/nrf_cc312_platform/lib/cortex-m33/soft-float/no-interrupts/libnrf_cc312_platform_0.9.22.a(cc3xx_drbg_ctr.c.obj)
                0x0000ef28                cc3xx_lowlevel_drbg_ctr_reseed
 .text.cc3xx_lowlevel_get_entropy
                0x0000efd4      0x374 D:/ncs/v3.4.0/nrfxlib/crypto/nrf_cc312_platform/lib/cortex-m33/soft-float/no-interrupts/libnrf_cc312_platform_0.9.22.a(cc3xx_entropy.c.obj)
                0x0000efd4                cc3xx_lowlevel_get_entropy
 .text.cc3xx_secure_erase_buffer
                0x0000f348        0x8 D:/ncs/v3.4.0/nrfxlib/crypto/nrf_cc312_platform/lib/cortex-m33/soft-float/no-interrupts/libnrf_cc312_platform_0.9.22.a(cc3xx_stdlib.c.obj)
                0x0000f348                cc3xx_secure_erase_buffer
 .text.cc3xx_dpa_hardened_word_copy
                0x0000f350       0x14 D:/ncs/v3.4.0/nrfxlib/crypto/nrf_cc312_platform/lib/cortex-m33/soft-float/no-interrupts/libnrf_cc312_platform_0.9.22.a(cc3xx_stdlib.c.obj)
                0x0000f350                cc3xx_dpa_hardened_word_copy
 .text.CC_LibInitNoRng
                0x0000f364       0x2c D:/ncs/v3.4.0/nrfxlib/crypto/nrf_cc312_platform/lib/cortex-m33/soft-float/no-interrupts/libnrf_cc312_platform_0.9.22.a(cc_lib.c.obj)